Archive member included to satisfy reference by file (symbol)

C:/Program Files (x86)/Arm/GNU Toolchain mingw-w64-i686-arm-none-eabi/bin/../lib/gcc/arm-none-eabi/15.2.1/../../../../arm-none-eabi/lib/thumb/v6-m/nofp\libc_nano.a(libc_a-exit.o)
                              C:/Program Files (x86)/Arm/GNU Toolchain mingw-w64-i686-arm-none-eabi/bin/../lib/gcc/arm-none-eabi/15.2.1/../../../../arm-none-eabi/lib/thumb/v6-m/nofp/crt0.o (exit)
C:/Program Files (x86)/Arm/GNU Toolchain mingw-w64-i686-arm-none-eabi/bin/../lib/gcc/arm-none-eabi/15.2.1/../../../../arm-none-eabi/lib/thumb/v6-m/nofp\libc_nano.a(libc_a-findfp.o)
                              C:/Program Files (x86)/Arm/GNU Toolchain mingw-w64-i686-arm-none-eabi/bin/../lib/gcc/arm-none-eabi/15.2.1/../../../../arm-none-eabi/lib/thumb/v6-m/nofp\libc_nano.a(libc_a-exit.o) (__stdio_exit_handler)
C:/Program Files (x86)/Arm/GNU Toolchain mingw-w64-i686-arm-none-eabi/bin/../lib/gcc/arm-none-eabi/15.2.1/../../../../arm-none-eabi/lib/thumb/v6-m/nofp\libc_nano.a(libc_a-fwalk.o)
                              C:/Program Files (x86)/Arm/GNU Toolchain mingw-w64-i686-arm-none-eabi/bin/../lib/gcc/arm-none-eabi/15.2.1/../../../../arm-none-eabi/lib/thumb/v6-m/nofp\libc_nano.a(libc_a-findfp.o) (_fwalk_sglue)
C:/Program Files (x86)/Arm/GNU Toolchain mingw-w64-i686-arm-none-eabi/bin/../lib/gcc/arm-none-eabi/15.2.1/../../../../arm-none-eabi/lib/thumb/v6-m/nofp\libc_nano.a(libc_a-stdio.o)
                              C:/Program Files (x86)/Arm/GNU Toolchain mingw-w64-i686-arm-none-eabi/bin/../lib/gcc/arm-none-eabi/15.2.1/../../../../arm-none-eabi/lib/thumb/v6-m/nofp\libc_nano.a(libc_a-findfp.o) (__sread)
C:/Program Files (x86)/Arm/GNU Toolchain mingw-w64-i686-arm-none-eabi/bin/../lib/gcc/arm-none-eabi/15.2.1/../../../../arm-none-eabi/lib/thumb/v6-m/nofp\libc_nano.a(libc_a-vsnprintf.o)
                              build/main.o (vsnprintf)
C:/Program Files (x86)/Arm/GNU Toolchain mingw-w64-i686-arm-none-eabi/bin/../lib/gcc/arm-none-eabi/15.2.1/../../../../arm-none-eabi/lib/thumb/v6-m/nofp\libc_nano.a(libc_a-memset.o)
                              C:/Program Files (x86)/Arm/GNU Toolchain mingw-w64-i686-arm-none-eabi/bin/../lib/gcc/arm-none-eabi/15.2.1/../../../../arm-none-eabi/lib/thumb/v6-m/nofp/crt0.o (memset)
C:/Program Files (x86)/Arm/GNU Toolchain mingw-w64-i686-arm-none-eabi/bin/../lib/gcc/arm-none-eabi/15.2.1/../../../../arm-none-eabi/lib/thumb/v6-m/nofp\libc_nano.a(libc_a-closer.o)
                              C:/Program Files (x86)/Arm/GNU Toolchain mingw-w64-i686-arm-none-eabi/bin/../lib/gcc/arm-none-eabi/15.2.1/../../../../arm-none-eabi/lib/thumb/v6-m/nofp\libc_nano.a(libc_a-stdio.o) (_close_r)
C:/Program Files (x86)/Arm/GNU Toolchain mingw-w64-i686-arm-none-eabi/bin/../lib/gcc/arm-none-eabi/15.2.1/../../../../arm-none-eabi/lib/thumb/v6-m/nofp\libc_nano.a(libc_a-reent.o)
                              C:/Program Files (x86)/Arm/GNU Toolchain mingw-w64-i686-arm-none-eabi/bin/../lib/gcc/arm-none-eabi/15.2.1/../../../../arm-none-eabi/lib/thumb/v6-m/nofp\libc_nano.a(libc_a-closer.o) (errno)
C:/Program Files (x86)/Arm/GNU Toolchain mingw-w64-i686-arm-none-eabi/bin/../lib/gcc/arm-none-eabi/15.2.1/../../../../arm-none-eabi/lib/thumb/v6-m/nofp\libc_nano.a(libc_a-impure.o)
                              C:/Program Files (x86)/Arm/GNU Toolchain mingw-w64-i686-arm-none-eabi/bin/../lib/gcc/arm-none-eabi/15.2.1/../../../../arm-none-eabi/lib/thumb/v6-m/nofp\libc_nano.a(libc_a-vsnprintf.o) (_impure_ptr)
C:/Program Files (x86)/Arm/GNU Toolchain mingw-w64-i686-arm-none-eabi/bin/../lib/gcc/arm-none-eabi/15.2.1/../../../../arm-none-eabi/lib/thumb/v6-m/nofp\libc_nano.a(libc_a-lseekr.o)
                              C:/Program Files (x86)/Arm/GNU Toolchain mingw-w64-i686-arm-none-eabi/bin/../lib/gcc/arm-none-eabi/15.2.1/../../../../arm-none-eabi/lib/thumb/v6-m/nofp\libc_nano.a(libc_a-stdio.o) (_lseek_r)
C:/Program Files (x86)/Arm/GNU Toolchain mingw-w64-i686-arm-none-eabi/bin/../lib/gcc/arm-none-eabi/15.2.1/../../../../arm-none-eabi/lib/thumb/v6-m/nofp\libc_nano.a(libc_a-readr.o)
                              C:/Program Files (x86)/Arm/GNU Toolchain mingw-w64-i686-arm-none-eabi/bin/../lib/gcc/arm-none-eabi/15.2.1/../../../../arm-none-eabi/lib/thumb/v6-m/nofp\libc_nano.a(libc_a-stdio.o) (_read_r)
C:/Program Files (x86)/Arm/GNU Toolchain mingw-w64-i686-arm-none-eabi/bin/../lib/gcc/arm-none-eabi/15.2.1/../../../../arm-none-eabi/lib/thumb/v6-m/nofp\libc_nano.a(libc_a-writer.o)
                              C:/Program Files (x86)/Arm/GNU Toolchain mingw-w64-i686-arm-none-eabi/bin/../lib/gcc/arm-none-eabi/15.2.1/../../../../arm-none-eabi/lib/thumb/v6-m/nofp\libc_nano.a(libc_a-stdio.o) (_write_r)
C:/Program Files (x86)/Arm/GNU Toolchain mingw-w64-i686-arm-none-eabi/bin/../lib/gcc/arm-none-eabi/15.2.1/../../../../arm-none-eabi/lib/thumb/v6-m/nofp\libc_nano.a(libc_a-errno.o)
                              build/sysmem.o (__errno)
[...]
Memory Configuration

Name             Origin             Length             Attributes
RAM              0x20000000         0x00002000         xrw
FLASH            0x08000000         0x00010000         xr
*default*        0x00000000         0xffffffff

Linker script and memory map

LOAD C:/Program Files (x86)/Arm/GNU Toolchain mingw-w64-i686-arm-none-eabi/bin/../lib/gcc/arm-none-eabi/15.2.1/thumb/v6-m/nofp/crti.o
LOAD C:/Program Files (x86)/Arm/GNU Toolchain mingw-w64-i686-arm-none-eabi/bin/../lib/gcc/arm-none-eabi/15.2.1/thumb/v6-m/nofp/crtbegin.o
LOAD C:/Program Files (x86)/Arm/GNU Toolchain mingw-w64-i686-arm-none-eabi/bin/../lib/gcc/arm-none-eabi/15.2.1/../../../../arm-none-eabi/lib/thumb/v6-m/nofp/crt0.o
LOAD build/main.o
LOAD build/stm32l0xx_it.o
LOAD build/stm32l0xx_hal_msp.o
LOAD build/stm32l0xx_hal_lcd.o
LOAD build/stm32l0xx_hal.o
LOAD build/stm32l0xx_hal_i2c.o
LOAD build/stm32l0xx_hal_i2c_ex.o
LOAD build/stm32l0xx_hal_rcc.o
LOAD build/stm32l0xx_hal_rcc_ex.o
LOAD build/stm32l0xx_hal_flash_ramfunc.o
LOAD build/stm32l0xx_hal_flash.o
LOAD build/stm32l0xx_hal_flash_ex.o
LOAD build/stm32l0xx_hal_gpio.o
LOAD build/stm32l0xx_hal_dma.o
LOAD build/stm32l0xx_hal_pwr.o
LOAD build/stm32l0xx_hal_pwr_ex.o
LOAD build/stm32l0xx_hal_cortex.o
LOAD build/stm32l0xx_hal_exti.o
LOAD build/stm32l0xx_hal_rtc.o
LOAD build/stm32l0xx_hal_rtc_ex.o
LOAD build/system_stm32l0xx.o
LOAD build/sysmem.o
LOAD build/syscalls.o
LOAD build/stm32l0xx_hal_uart.o
LOAD build/stm32l0xx_hal_uart_ex.o
LOAD build/startup_stm32l053xx.o
LOAD C:/Program Files (x86)/Arm/GNU Toolchain mingw-w64-i686-arm-none-eabi/bin/../lib/gcc/arm-none-eabi/15.2.1/../../../../arm-none-eabi/lib/thumb/v6-m/nofp\libc_nano.a
LOAD C:/Program Files (x86)/Arm/GNU Toolchain mingw-w64-i686-arm-none-eabi/bin/../lib/gcc/arm-none-eabi/15.2.1/../../../../arm-none-eabi/lib/thumb/v6-m/nofp\libm.a
LOAD C:/Program Files (x86)/Arm/GNU Toolchain mingw-w64-i686-arm-none-eabi/bin/../lib/gcc/arm-none-eabi/15.2.1/../../../../arm-none-eabi/lib/thumb/v6-m/nofp\libnosys.a
START GROUP
LOAD C:/Program Files (x86)/Arm/GNU Toolchain mingw-w64-i686-arm-none-eabi/bin/../lib/gcc/arm-none-eabi/15.2.1/thumb/v6-m/nofp\libgcc.a
LOAD C:/Program Files (x86)/Arm/GNU Toolchain mingw-w64-i686-arm-none-eabi/bin/../lib/gcc/arm-none-eabi/15.2.1/../../../../arm-none-eabi/lib/thumb/v6-m/nofp\libc_nano.a
END GROUP
START GROUP
LOAD C:/Program Files (x86)/Arm/GNU Toolchain mingw-w64-i686-arm-none-eabi/bin/../lib/gcc/arm-none-eabi/15.2.1/thumb/v6-m/nofp\libgcc.a
LOAD C:/Program Files (x86)/Arm/GNU Toolchain mingw-w64-i686-arm-none-eabi/bin/../lib/gcc/arm-none-eabi/15.2.1/../../../../arm-none-eabi/lib/thumb/v6-m/nofp\libc_nano.a
END GROUP
LOAD C:/Program Files (x86)/Arm/GNU Toolchain mingw-w64-i686-arm-none-eabi/bin/../lib/gcc/arm-none-eabi/15.2.1/thumb/v6-m/nofp/crtend.o
LOAD C:/Program Files (x86)/Arm/GNU Toolchain mingw-w64-i686-arm-none-eabi/bin/../lib/gcc/arm-none-eabi/15.2.1/thumb/v6-m/nofp/crtn.o
                0x20002000                        _estack = (ORIGIN (RAM) + LENGTH (RAM))
                0x00000200                        _Min_Heap_Size = 0x200
                0x00000400                        _Min_Stack_Size = 0x400

.isr_vector     0x08000000       0xc0
                0x08000000                        . = ALIGN (0x4)
 *(.isr_vector)
 .isr_vector    0x08000000       0xc0 build/startup_stm32l053xx.o
                0x08000000                g_pfnVectors
                0x080000c0                        . = ALIGN (0x4)

.text           0x080000c0     0x40a8
                0x080000c0                        . = ALIGN (0x4)
 *(.text)
 .text          0x080000c0        0xe C:/Program Files (x86)/Arm/GNU Toolchain mingw-w64-i686-arm-none-eabi/bin/../lib/gcc/arm-none-eabi/15.2.1/../../../../arm-none-eabi/lib/thumb/v6-m/nofp\libc_nano.a(libc_a-strlen.o)
                0x080000c0                strlen
 *fill*         0x080000ce        0x2 
 .text          0x080000d0       0x14 C:/Program Files (x86)/Arm/GNU Toolchain mingw-w64-i686-arm-none-eabi/bin/../lib/gcc/arm-none-eabi/15.2.1/thumb/v6-m/nofp\libgcc.a(_thumb1_case_shi.o)
                0x080000d0                __gnu_thumb1_case_shi
 .text          0x080000e4      0x114 C:/Program Files (x86)/Arm/GNU Toolchain mingw-w64-i686-arm-none-eabi/bin/../lib/gcc/arm-none-eabi/15.2.1/thumb/v6-m/nofp\libgcc.a(_udivsi3.o)
                0x080000e4                __aeabi_uidiv
                0x080000e4                __udivsi3
                0x080001f0                __aeabi_uidivmod
 .text          0x080001f8        0x4 C:/Program Files (x86)/Arm/GNU Toolchain mingw-w64-i686-arm-none-eabi/bin/../lib/gcc/arm-none-eabi/15.2.1/thumb/v6-m/nofp\libgcc.a(_dvmd_tls.o)
                0x080001f8                __aeabi_idiv0
                0x080001f8                __aeabi_ldiv0
 .text          0x080001fc       0x74 C:/Program Files (x86)/Arm/GNU Toolchain mingw-w64-i686-arm-none-eabi/bin/../lib/gcc/arm-none-eabi/15.2.1/thumb/v6-m/nofp\libgcc.a(_arm_cmpsf2.o)
                0x080001fc                __aeabi_cfrcmple
                0x08000204                __aeabi_cfcmpeq
                0x08000204                __aeabi_cfcmple
                0x08000214                __aeabi_fcmpeq
                0x08000220                __aeabi_fcmplt
                0x08000234                __aeabi_fcmple
                0x08000248                __aeabi_fcmpgt
                0x0800025c                __aeabi_fcmpge
 .text          0x08000270       0x40 C:/Program Files (x86)/Arm/GNU Toolchain mingw-w64-i686-arm-none-eabi/bin/../lib/gcc/arm-none-eabi/15.2.1/thumb/v6-m/nofp\libgcc.a(_aeabi_uldivmod.o)
                0x08000270                __aeabi_uldivmod
 .text          0x080002b0       0x3c C:/Program Files (x86)/Arm/GNU Toolchain mingw-w64-i686-arm-none-eabi/bin/../lib/gcc/arm-none-eabi/15.2.1/thumb/v6-m/nofp\libgcc.a(_clzsi2.o)
                0x080002b0                __clzsi2
 .text          0x080002ec       0x18 C:/Program Files (x86)/Arm/GNU Toolchain mingw-w64-i686-arm-none-eabi/bin/../lib/gcc/arm-none-eabi/15.2.1/thumb/v6-m/nofp\libgcc.a(_clzdi2.o)
                0x080002ec                __clzdi2
 *(.text*)
 .text.deregister_tm_clones
                0x08000304       0x20 C:/Program Files (x86)/Arm/GNU Toolchain mingw-w64-i686-arm-none-eabi/bin/../lib/gcc/arm-none-eabi/15.2.1/thumb/v6-m/nofp/crtbegin.o
 .text.register_tm_clones
                0x08000324       0x28 C:/Program Files (x86)/Arm/GNU Toolchain mingw-w64-i686-arm-none-eabi/bin/../lib/gcc/arm-none-eabi/15.2.1/thumb/v6-m/nofp/crtbegin.o
 .text.__do_global_dtors_aux
                0x0800034c       0x2c C:/Program Files (x86)/Arm/GNU Toolchain mingw-w64-i686-arm-none-eabi/bin/../lib/gcc/arm-none-eabi/15.2.1/thumb/v6-m/nofp/crtbegin.o
 .text.frame_dummy
                0x08000378       0x24 C:/Program Files (x86)/Arm/GNU Toolchain mingw-w64-i686-arm-none-eabi/bin/../lib/gcc/arm-none-eabi/15.2.1/thumb/v6-m/nofp/crtbegin.o
 .text.SHT40_Crc8
                0x0800039c       0x3c build/main.o
 .text.MX_GPIO_Init
                0x080003d8       0x98 build/main.o
 .text.DebugPrint
                0x08000470       0x1c build/main.o
 .text.DebugPrintf
                0x0800048c       0x38 build/main.o
 .text.I2C2_ScanBus
                0x080004c4       0x50 build/main.o
 .text.SHT40_ReadRaw
                0x08000514       0x98 build/main.o
 .text.SHT40_TestLoop
                0x080005ac       0xf0 build/main.o
 .text.HAL_RTCEx_WakeUpTimerEventCallback
                0x0800069c        0xc build/main.o
                0x0800069c                HAL_RTCEx_WakeUpTimerEventCallback
 .text.Error_Handler
                0x080006a8        0x2 build/main.o
                0x080006a8                Error_Handler
 *fill*         0x080006aa        0x2 
 .text.MX_USART2_UART_Init
                0x080006ac       0x38 build/main.o
 .text.MX_RTC_Init
                0x080006e4       0x44 build/main.o
 .text.MX_I2C2_Init
                0x08000728       0x58 build/main.o
 .text.SystemClock_Config
                0x08000780       0xa0 build/main.o
                0x08000780                SystemClock_Config
 .text.main     0x08000820       0x38 build/main.o
                0x08000820                main
 .text.NMI_Handler
                0x08000858        0x2 build/stm32l0xx_it.o
                0x08000858                NMI_Handler
 .text.HardFault_Handler
                0x0800085a        0x2 build/stm32l0xx_it.o
                0x0800085a                HardFault_Handler
 .text.SVC_Handler
                0x0800085c        0x2 build/stm32l0xx_it.o
                0x0800085c                SVC_Handler
 .text.PendSV_Handler
                0x0800085e        0x2 build/stm32l0xx_it.o
                0x0800085e                PendSV_Handler
 .text.SysTick_Handler
                0x08000860        0x8 build/stm32l0xx_it.o
                0x08000860                SysTick_Handler
 .text.RTC_IRQHandler
                0x08000868       0x10 build/stm32l0xx_it.o
                0x08000868                RTC_IRQHandler
 .text.LCD_IRQHandler
                0x08000878        0x2 build/stm32l0xx_it.o
                0x08000878                LCD_IRQHandler
 *fill*         0x0800087a        0x2 
 .text.HAL_MspInit
                0x0800087c       0x1c build/stm32l0xx_hal_msp.o
                0x0800087c                HAL_MspInit
 .text.HAL_I2C_MspInit
                0x08000898       0x7c build/stm32l0xx_hal_msp.o
                0x08000898                HAL_I2C_MspInit
 .text.HAL_RTC_MspInit
                0x08000914       0x34 build/stm32l0xx_hal_msp.o
                0x08000914                HAL_RTC_MspInit
 .text.HAL_UART_MspInit
                0x08000948       0x5c build/stm32l0xx_hal_msp.o
                0x08000948                HAL_UART_MspInit
 .text.HAL_InitTick
                0x080009a4       0x50 build/stm32l0xx_hal.o
                0x080009a4                HAL_InitTick
 .text.HAL_Init
                0x080009f4       0x28 build/stm32l0xx_hal.o
                0x080009f4                HAL_Init
 .text.HAL_IncTick
                0x08000a1c       0x18 build/stm32l0xx_hal.o
                0x08000a1c                HAL_IncTick
 .text.HAL_GetTick
                0x08000a34        0xc build/stm32l0xx_hal.o
                0x08000a34                HAL_GetTick
 .text.HAL_Delay
                0x08000a40       0x24 build/stm32l0xx_hal.o
                0x08000a40                HAL_Delay
 .text.I2C_Flush_TXDR
                0x08000a64       0x1e build/stm32l0xx_hal_i2c.o
 *fill*         0x08000a82        0x2 
 .text.I2C_TransferConfig
                0x08000a84       0x38 build/stm32l0xx_hal_i2c.o
 .text.I2C_IsErrorOccurred
                0x08000abc      0x118 build/stm32l0xx_hal_i2c.o
 .text.I2C_WaitOnTXISFlagUntilTimeout
                0x08000bd4       0x5a build/stm32l0xx_hal_i2c.o
 .text.I2C_WaitOnFlagUntilTimeout
                0x08000c2e       0x82 build/stm32l0xx_hal_i2c.o
 .text.I2C_WaitOnSTOPFlagUntilTimeout
                0x08000cb0       0x5a build/stm32l0xx_hal_i2c.o
 *fill*         0x08000d0a        0x2 
 .text.I2C_WaitOnRXNEFlagUntilTimeout
                0x08000d0c       0xa0 build/stm32l0xx_hal_i2c.o
 .text.HAL_I2C_Init
                0x08000dac       0xdc build/stm32l0xx_hal_i2c.o
                0x08000dac                HAL_I2C_Init
 .text.HAL_I2C_Master_Transmit
                0x08000e88      0x194 build/stm32l0xx_hal_i2c.o
                0x08000e88                HAL_I2C_Master_Transmit
 .text.HAL_I2C_Master_Receive
                0x0800101c      0x16c build/stm32l0xx_hal_i2c.o
                0x0800101c                HAL_I2C_Master_Receive
 .text.HAL_I2C_IsDeviceReady
                0x08001188      0x148 build/stm32l0xx_hal_i2c.o
                0x08001188                HAL_I2C_IsDeviceReady
 .text.HAL_I2CEx_ConfigAnalogFilter
                0x080012d0       0x5c build/stm32l0xx_hal_i2c_ex.o
                0x080012d0                HAL_I2CEx_ConfigAnalogFilter
 .text.HAL_I2CEx_ConfigDigitalFilter
                0x0800132c       0x58 build/stm32l0xx_hal_i2c_ex.o
                0x0800132c                HAL_I2CEx_ConfigDigitalFilter
 .text.HAL_RCC_GetSysClockFreq
                0x08001384       0xb0 build/stm32l0xx_hal_rcc.o
                0x08001384                HAL_RCC_GetSysClockFreq
 .text.HAL_RCC_OscConfig
                0x08001434      0x588 build/stm32l0xx_hal_rcc.o
                0x08001434                HAL_RCC_OscConfig
 .text.HAL_RCC_ClockConfig
                0x080019bc      0x1d8 build/stm32l0xx_hal_rcc.o
                0x080019bc                HAL_RCC_ClockConfig
 .text.HAL_RCC_GetHCLKFreq
                0x08001b94        0xc build/stm32l0xx_hal_rcc.o
                0x08001b94                HAL_RCC_GetHCLKFreq
 .text.HAL_RCC_GetPCLK1Freq
                0x08001ba0       0x20 build/stm32l0xx_hal_rcc.o
                0x08001ba0                HAL_RCC_GetPCLK1Freq
 .text.HAL_RCC_GetPCLK2Freq
                0x08001bc0       0x20 build/stm32l0xx_hal_rcc.o
                0x08001bc0                HAL_RCC_GetPCLK2Freq
 .text.HAL_RCCEx_PeriphCLKConfig
                0x08001be0      0x244 build/stm32l0xx_hal_rcc_ex.o
                0x08001be0                HAL_RCCEx_PeriphCLKConfig
 .text.HAL_GPIO_Init
                0x08001e24      0x18c build/stm32l0xx_hal_gpio.o
                0x08001e24                HAL_GPIO_Init
 .text.HAL_GPIO_WritePin
                0x08001fb0        0xc build/stm32l0xx_hal_gpio.o
                0x08001fb0                HAL_GPIO_WritePin
 .text.__NVIC_SetPriority
                0x08001fbc       0x68 build/stm32l0xx_hal_cortex.o
 .text.SysTick_Config
                0x08002024       0x38 build/stm32l0xx_hal_cortex.o
 .text.HAL_NVIC_SetPriority
                0x0800205c        0x8 build/stm32l0xx_hal_cortex.o
                0x0800205c                HAL_NVIC_SetPriority
 .text.HAL_NVIC_EnableIRQ
                0x08002064       0x18 build/stm32l0xx_hal_cortex.o
                0x08002064                HAL_NVIC_EnableIRQ
 .text.HAL_SYSTICK_Config
                0x0800207c        0x8 build/stm32l0xx_hal_cortex.o
                0x0800207c                HAL_SYSTICK_Config
 .text.HAL_RTC_WaitForSynchro
                0x08002084       0x34 build/stm32l0xx_hal_rtc.o
                0x08002084                HAL_RTC_WaitForSynchro
 .text.RTC_EnterInitMode
                0x080020b8       0x46 build/stm32l0xx_hal_rtc.o
                0x080020b8                RTC_EnterInitMode
 .text.RTC_ExitInitMode
                0x080020fe       0x2c build/stm32l0xx_hal_rtc.o
                0x080020fe                RTC_ExitInitMode
 *fill*         0x0800212a        0x2 
 .text.HAL_RTC_Init
                0x0800212c       0xac build/stm32l0xx_hal_rtc.o
                0x0800212c                HAL_RTC_Init
 .text.HAL_RTCEx_SetWakeUpTimer_IT
                0x080021d8      0x120 build/stm32l0xx_hal_rtc_ex.o
                0x080021d8                HAL_RTCEx_SetWakeUpTimer_IT
 .text.HAL_RTCEx_WakeUpTimerIRQHandler
                0x080022f8       0x3c build/stm32l0xx_hal_rtc_ex.o
                0x080022f8                HAL_RTCEx_WakeUpTimerIRQHandler
 .text.SystemInit
                0x08002334        0x2 build/system_stm32l0xx.o
                0x08002334                SystemInit
 *fill*         0x08002336        0x2 
 .text._sbrk    0x08002338       0x48 build/sysmem.o
                0x08002338                _sbrk
 .text.UART_EndRxTransfer
                0x08002380       0x60 build/stm32l0xx_hal_uart.o
 .text.UART_SetConfig
                0x080023e0      0x2a8 build/stm32l0xx_hal_uart.o
                0x080023e0                UART_SetConfig
 .text.UART_AdvFeatureConfig
                0x08002688       0xe0 build/stm32l0xx_hal_uart.o
                0x08002688                UART_AdvFeatureConfig
 .text.UART_WaitOnFlagUntilTimeout
                0x08002768       0x94 build/stm32l0xx_hal_uart.o
                0x08002768                UART_WaitOnFlagUntilTimeout
 .text.HAL_UART_Transmit
                0x080027fc       0xe4 build/stm32l0xx_hal_uart.o
                0x080027fc                HAL_UART_Transmit
 .text.UART_CheckIdleState
                0x080028e0       0xd0 build/stm32l0xx_hal_uart.o
                0x080028e0                UART_CheckIdleState
 .text.HAL_UART_Init
                0x080029b0       0x6c build/stm32l0xx_hal_uart.o
                0x080029b0                HAL_UART_Init
 .text.Reset_Handler
                0x08002a1c       0x50 build/startup_stm32l053xx.o
                0x08002a1c                Reset_Handler
 .text.Default_Handler
                0x08002a6c        0x2 build/startup_stm32l053xx.o
                0x08002a6c                TSC_IRQHandler
                0x08002a6c                ADC1_COMP_IRQHandler
                0x08002a6c                PVD_IRQHandler
                0x08002a6c                I2C1_IRQHandler
                0x08002a6c                RCC_CRS_IRQHandler
                0x08002a6c                SPI1_IRQHandler
                0x08002a6c                TIM6_DAC_IRQHandler
                0x08002a6c                EXTI2_3_IRQHandler
                0x08002a6c                I2C2_IRQHandler
                0x08002a6c                DMA1_Channel4_5_6_7_IRQHandler
                0x08002a6c                EXTI4_15_IRQHandler
                0x08002a6c                DMA1_Channel1_IRQHandler
                0x08002a6c                Default_Handler
                0x08002a6c                TIM22_IRQHandler
                0x08002a6c                EXTI0_1_IRQHandler
                0x08002a6c                USB_IRQHandler
                0x08002a6c                SPI2_IRQHandler
                0x08002a6c                TIM21_IRQHandler
                0x08002a6c                WWDG_IRQHandler
                0x08002a6c                TIM2_IRQHandler
                0x08002a6c                DMA1_Channel2_3_IRQHandler
                0x08002a6c                USART2_IRQHandler
                0x08002a6c                FLASH_IRQHandler
                0x08002a6c                USART1_IRQHandler
                0x08002a6c                RNG_LPUART1_IRQHandler
                0x08002a6c                LPTIM1_IRQHandler
 *fill*         0x08002a6e        0x2 
 .text._vsnprintf_r
                0x08002a70       0x54 C:/Program Files (x86)/Arm/GNU Toolchain mingw-w64-i686-arm-none-eabi/bin/../lib/gcc/arm-none-eabi/15.2.1/../../../../arm-none-eabi/lib/thumb/v6-m/nofp\libc_nano.a(libc_a-vsnprintf.o)
                0x08002a70                _vsniprintf_r
                0x08002a70                _vsnprintf_r
 .text.vsnprintf
                0x08002ac4       0x18 C:/Program Files (x86)/Arm/GNU Toolchain mingw-w64-i686-arm-none-eabi/bin/../lib/gcc/arm-none-eabi/15.2.1/../../../../arm-none-eabi/lib/thumb/v6-m/nofp\libc_nano.a(libc_a-vsnprintf.o)
                0x08002ac4                vsniprintf
                0x08002ac4                vsnprintf
 .text.memset   0x08002adc       0x10 C:/Program Files (x86)/Arm/GNU Toolchain mingw-w64-i686-arm-none-eabi/bin/../lib/gcc/arm-none-eabi/15.2.1/../../../../arm-none-eabi/lib/thumb/v6-m/nofp\libc_nano.a(libc_a-memset.o)
                0x08002adc                memset
 .text.__errno  0x08002aec        0xc C:/Program Files (x86)/Arm/GNU Toolchain mingw-w64-i686-arm-none-eabi/bin/../lib/gcc/arm-none-eabi/15.2.1/../../../../arm-none-eabi/lib/thumb/v6-m/nofp\libc_nano.a(libc_a-errno.o)
                0x08002aec                __errno
 .text.__libc_init_array
                0x08002af8       0x48 C:/Program Files (x86)/Arm/GNU Toolchain mingw-w64-i686-arm-none-eabi/bin/../lib/gcc/arm-none-eabi/15.2.1/../../../../arm-none-eabi/lib/thumb/v6-m/nofp\libc_nano.a(libc_a-init.o)
                0x08002af8                __libc_init_array
 .text.__retarget_lock_acquire_recursive
                0x08002b40        0x2 C:/Program Files (x86)/Arm/GNU Toolchain mingw-w64-i686-arm-none-eabi/bin/../lib/gcc/arm-none-eabi/15.2.1/../../../../arm-none-eabi/lib/thumb/v6-m/nofp\libc_nano.a(libc_a-lock.o)
                0x08002b40                __retarget_lock_acquire_recursive
 .text.__retarget_lock_release_recursive
                0x08002b42        0x2 C:/Program Files (x86)/Arm/GNU Toolchain mingw-w64-i686-arm-none-eabi/bin/../lib/gcc/arm-none-eabi/15.2.1/../../../../arm-none-eabi/lib/thumb/v6-m/nofp\libc_nano.a(libc_a-lock.o)
                0x08002b42                __retarget_lock_release_recursive
 .text._free_r  0x08002b44       0x94 C:/Program Files (x86)/Arm/GNU Toolchain mingw-w64-i686-arm-none-eabi/bin/../lib/gcc/arm-none-eabi/15.2.1/../../../../arm-none-eabi/lib/thumb/v6-m/nofp\libc_nano.a(libc_a-freer.o)
                0x08002b44                _free_r
 .text.sbrk_aligned
                0x08002bd8       0x44 C:/Program Files (x86)/Arm/GNU Toolchain mingw-w64-i686-arm-none-eabi/bin/../lib/gcc/arm-none-eabi/15.2.1/../../../../arm-none-eabi/lib/thumb/v6-m/nofp\libc_nano.a(libc_a-mallocr.o)
 .text._malloc_r
                0x08002c1c      0x100 C:/Program Files (x86)/Arm/GNU Toolchain mingw-w64-i686-arm-none-eabi/bin/../lib/gcc/arm-none-eabi/15.2.1/../../../../arm-none-eabi/lib/thumb/v6-m/nofp\libc_nano.a(libc_a-mallocr.o)
                0x08002c1c                _malloc_r
 .text.__malloc_lock
                0x08002d1c       0x10 C:/Program Files (x86)/Arm/GNU Toolchain mingw-w64-i686-arm-none-eabi/bin/../lib/gcc/arm-none-eabi/15.2.1/../../../../arm-none-eabi/lib/thumb/v6-m/nofp\libc_nano.a(libc_a-mlock.o)
                0x08002d1c                __malloc_lock
 .text.__malloc_unlock
                0x08002d2c       0x10 C:/Program Files (x86)/Arm/GNU Toolchain mingw-w64-i686-arm-none-eabi/bin/../lib/gcc/arm-none-eabi/15.2.1/../../../../arm-none-eabi/lib/thumb/v6-m/nofp\libc_nano.a(libc_a-mlock.o)
                0x08002d2c                __malloc_unlock
 .text.__ssputs_r
                0x08002d3c       0xc8 C:/Program Files (x86)/Arm/GNU Toolchain mingw-w64-i686-arm-none-eabi/bin/../lib/gcc/arm-none-eabi/15.2.1/../../../../arm-none-eabi/lib/thumb/v6-m/nofp\libc_nano.a(libc_a-nano-svfprintf.o)
                0x08002d3c                __ssputs_r
 .text._svfprintf_r
                0x08002e04      0x1e8 C:/Program Files (x86)/Arm/GNU Toolchain mingw-w64-i686-arm-none-eabi/bin/../lib/gcc/arm-none-eabi/15.2.1/../../../../arm-none-eabi/lib/thumb/v6-m/nofp\libc_nano.a(libc_a-nano-svfprintf.o)
                0x08002e04                _svfiprintf_r
                0x08002e04                _svfprintf_r
 .text._printf_common
                0x08002fec       0xde C:/Program Files (x86)/Arm/GNU Toolchain mingw-w64-i686-arm-none-eabi/bin/../lib/gcc/arm-none-eabi/15.2.1/../../../../arm-none-eabi/lib/thumb/v6-m/nofp\libc_nano.a(libc_a-nano-vfprintf_i.o)
                0x08002fec                _printf_common
 *fill*         0x080030ca        0x2 
 .text._printf_i
                0x080030cc      0x214 C:/Program Files (x86)/Arm/GNU Toolchain mingw-w64-i686-arm-none-eabi/bin/../lib/gcc/arm-none-eabi/15.2.1/../../../../arm-none-eabi/lib/thumb/v6-m/nofp\libc_nano.a(libc_a-nano-vfprintf_i.o)
                0x080030cc                _printf_i
 .text.memmove  0x080032e0       0x26 C:/Program Files (x86)/Arm/GNU Toolchain mingw-w64-i686-arm-none-eabi/bin/../lib/gcc/arm-none-eabi/15.2.1/../../../../arm-none-eabi/lib/thumb/v6-m/nofp\libc_nano.a(libc_a-memmove.o)
                0x080032e0                memmove
 *fill*         0x08003306        0x2 
 .text._sbrk_r  0x08003308       0x24 C:/Program Files (x86)/Arm/GNU Toolchain mingw-w64-i686-arm-none-eabi/bin/../lib/gcc/arm-none-eabi/15.2.1/../../../../arm-none-eabi/lib/thumb/v6-m/nofp\libc_nano.a(libc_a-sbrkr.o)
                0x08003308                _sbrk_r
 .text.memchr   0x0800332c       0x16 C:/Program Files (x86)/Arm/GNU Toolchain mingw-w64-i686-arm-none-eabi/bin/../lib/gcc/arm-none-eabi/15.2.1/../../../../arm-none-eabi/lib/thumb/v6-m/nofp\libc_nano.a(libc_a-memchr-stub.o)
                0x0800332c                memchr
 .text.memcpy   0x08003342       0x12 C:/Program Files (x86)/Arm/GNU Toolchain mingw-w64-i686-arm-none-eabi/bin/../lib/gcc/arm-none-eabi/15.2.1/../../../../arm-none-eabi/lib/thumb/v6-m/nofp\libc_nano.a(libc_a-memcpy-stub.o)
                0x08003342                memcpy
 .text._realloc_r
                0x08003354       0x60 C:/Program Files (x86)/Arm/GNU Toolchain mingw-w64-i686-arm-none-eabi/bin/../lib/gcc/arm-none-eabi/15.2.1/../../../../arm-none-eabi/lib/thumb/v6-m/nofp\libc_nano.a(libc_a-reallocr.o)
                0x08003354                _realloc_r
 .text._malloc_usable_size_r
                0x080033b4       0x10 C:/Program Files (x86)/Arm/GNU Toolchain mingw-w64-i686-arm-none-eabi/bin/../lib/gcc/arm-none-eabi/15.2.1/../../../../arm-none-eabi/lib/thumb/v6-m/nofp\libc_nano.a(libc_a-msizer.o)
                0x080033b4                _malloc_usable_size_r
 .text.__udivmoddi4
                0x080033c4      0x190 C:/Program Files (x86)/Arm/GNU Toolchain mingw-w64-i686-arm-none-eabi/bin/../lib/gcc/arm-none-eabi/15.2.1/thumb/v6-m/nofp\libgcc.a(_udivmoddi4.o)
                0x080033c4                __udivmoddi4
 .text.__aeabi_fdiv
                0x08003554      0x22c C:/Program Files (x86)/Arm/GNU Toolchain mingw-w64-i686-arm-none-eabi/bin/../lib/gcc/arm-none-eabi/15.2.1/thumb/v6-m/nofp\libgcc.a(divsf3.o)
                0x08003554                __aeabi_fdiv
 .text.__eqsf2  0x08003780       0x58 C:/Program Files (x86)/Arm/GNU Toolchain mingw-w64-i686-arm-none-eabi/bin/../lib/gcc/arm-none-eabi/15.2.1/thumb/v6-m/nofp\libgcc.a(eqsf2.o)
                0x08003780                __eqsf2
                0x08003780                __nesf2
 .text.__gesf2  0x080037d8       0xa0 C:/Program Files (x86)/Arm/GNU Toolchain mingw-w64-i686-arm-none-eabi/bin/../lib/gcc/arm-none-eabi/15.2.1/thumb/v6-m/nofp\libgcc.a(gesf2.o)
                0x080037d8                __gesf2
                0x080037d8                __gtsf2
 .text.__lesf2  0x08003878       0xa0 C:/Program Files (x86)/Arm/GNU Toolchain mingw-w64-i686-arm-none-eabi/bin/../lib/gcc/arm-none-eabi/15.2.1/thumb/v6-m/nofp\libgcc.a(lesf2.o)
                0x08003878                __ltsf2
                0x08003878                __lesf2
 .text.__aeabi_fmul
                0x08003918      0x294 C:/Program Files (x86)/Arm/GNU Toolchain mingw-w64-i686-arm-none-eabi/bin/../lib/gcc/arm-none-eabi/15.2.1/thumb/v6-m/nofp\libgcc.a(mulsf3.o)
                0x08003918                __aeabi_fmul
 .text.__aeabi_fsub
                0x08003bac      0x494 C:/Program Files (x86)/Arm/GNU Toolchain mingw-w64-i686-arm-none-eabi/bin/../lib/gcc/arm-none-eabi/15.2.1/thumb/v6-m/nofp\libgcc.a(subsf3.o)
                0x08003bac                __aeabi_fsub
 .text.__aeabi_ui2f
                0x08004040       0x84 C:/Program Files (x86)/Arm/GNU Toolchain mingw-w64-i686-arm-none-eabi/bin/../lib/gcc/arm-none-eabi/15.2.1/thumb/v6-m/nofp\libgcc.a(floatunsisf.o)
                0x08004040                __aeabi_ui2f
 .text.__aeabi_f2d
                0x080040c4       0x8c C:/Program Files (x86)/Arm/GNU Toolchain mingw-w64-i686-arm-none-eabi/bin/../lib/gcc/arm-none-eabi/15.2.1/thumb/v6-m/nofp\libgcc.a(extendsfdf2.o)
                0x080040c4                __aeabi_f2d
 *(.glue_7)
 .glue_7        0x08004150        0x0 linker stubs
 *(.glue_7t)
 .glue_7t       0x08004150        0x0 linker stubs
 *(.eh_frame)
 .eh_frame      0x08004150        0x0 C:/Program Files (x86)/Arm/GNU Toolchain mingw-w64-i686-arm-none-eabi/bin/../lib/gcc/arm-none-eabi/15.2.1/thumb/v6-m/nofp/crtbegin.o
 *(.init)
 .init          0x08004150        0x4 C:/Program Files (x86)/Arm/GNU Toolchain mingw-w64-i686-arm-none-eabi/bin/../lib/gcc/arm-none-eabi/15.2.1/thumb/v6-m/nofp/crti.o
                0x08004150                _init
 .init          0x08004154        0x8 C:/Program Files (x86)/Arm/GNU Toolchain mingw-w64-i686-arm-none-eabi/bin/../lib/gcc/arm-none-eabi/15.2.1/thumb/v6-m/nofp/crtn.o
 *(.fini)
 .fini          0x0800415c        0x4 C:/Program Files (x86)/Arm/GNU Toolchain mingw-w64-i686-arm-none-eabi/bin/../lib/gcc/arm-none-eabi/15.2.1/thumb/v6-m/nofp/crti.o
                0x0800415c                _fini
 .fini          0x08004160        0x8 C:/Program Files (x86)/Arm/GNU Toolchain mingw-w64-i686-arm-none-eabi/bin/../lib/gcc/arm-none-eabi/15.2.1/thumb/v6-m/nofp/crtn.o
                0x08004168                        . = ALIGN (0x4)
                0x08004168                        _etext = .

.vfp11_veneer   0x08004168        0x0
 .vfp11_veneer  0x08004168        0x0 linker stubs

.v4_bx          0x08004168        0x0
 .v4_bx         0x08004168        0x0 linker stubs

.iplt           0x08004168        0x0
 .iplt          0x08004168        0x0 C:/Program Files (x86)/Arm/GNU Toolchain mingw-w64-i686-arm-none-eabi/bin/../lib/gcc/arm-none-eabi/15.2.1/thumb/v6-m/nofp/crtbegin.o

.rodata         0x08004168      0x1cc
                0x08004168                        . = ALIGN (0x4)
 *(.rodata)
 *(.rodata*)
 .rodata.I2C2_ScanBus.str1.4
                0x08004168       0xf8 build/main.o
                                 0x5f (size before relaxing)
 .rodata.SHT40_TestLoop.str1.4
                0x08004260        0x0 build/main.o
                                 0x55 (size before relaxing)
 .rodata.main.str1.4
                0x08004260        0x0 build/main.o
                                 0x40 (size before relaxing)
 .rodata.PLLMulTable
                0x08004260        0x9 build/system_stm32l0xx.o
                0x08004260                PLLMulTable
 *fill*         0x08004269        0x3 
 .rodata.APBPrescTable
                0x0800426c        0x8 build/system_stm32l0xx.o
                0x0800426c                APBPrescTable
 .rodata.AHBPrescTable
                0x08004274       0x10 build/system_stm32l0xx.o
                0x08004274                AHBPrescTable
 .rodata._svfprintf_r.str1.1
                0x08004284       0x33 C:/Program Files (x86)/Arm/GNU Toolchain mingw-w64-i686-arm-none-eabi/bin/../lib/gcc/arm-none-eabi/15.2.1/../../../../arm-none-eabi/lib/thumb/v6-m/nofp\libc_nano.a(libc_a-nano-svfprintf.o)
                                 0x11 (size before relaxing)
 .rodata._printf_i.str1.1
                0x080042b7        0x0 C:/Program Files (x86)/Arm/GNU Toolchain mingw-w64-i686-arm-none-eabi/bin/../lib/gcc/arm-none-eabi/15.2.1/../../../../arm-none-eabi/lib/thumb/v6-m/nofp\libc_nano.a(libc_a-nano-vfprintf_i.o)
                                 0x22 (size before relaxing)
 *fill*         0x080042b7        0x1 
 .rodata.__aeabi_fdiv
                0x080042b8       0x7c C:/Program Files (x86)/Arm/GNU Toolchain mingw-w64-i686-arm-none-eabi/bin/../lib/gcc/arm-none-eabi/15.2.1/thumb/v6-m/nofp\libgcc.a(divsf3.o)
                0x08004334                        . = ALIGN (0x4)

.ARM.extab      0x08004334        0x0
                0x08004334                        . = ALIGN (0x4)
 *(.ARM.extab* .gnu.linkonce.armextab.*)
                0x08004334                        . = ALIGN (0x4)

.ARM            0x08004334        0x8
                0x08004334                        . = ALIGN (0x4)
                0x08004334                        __exidx_start = .
 *(.ARM.exidx*)
 .ARM.exidx.text.__udivmoddi4
                0x08004334        0x8 C:/Program Files (x86)/Arm/GNU Toolchain mingw-w64-i686-arm-none-eabi/bin/../lib/gcc/arm-none-eabi/15.2.1/thumb/v6-m/nofp\libgcc.a(_udivmoddi4.o)
                0x0800433c                        __exidx_end = .
                0x0800433c                        . = ALIGN (0x4)

.preinit_array  0x0800433c        0x0
                0x0800433c                        . = ALIGN (0x4)
                0x0800433c                        PROVIDE (__preinit_array_start = .)
 *(.preinit_array*)
                0x0800433c                        PROVIDE (__preinit_array_end = .)
                0x0800433c                        . = ALIGN (0x4)

.init_array     0x0800433c        0x4
                0x0800433c                        . = ALIGN (0x4)
                0x0800433c                        PROVIDE (__init_array_start = .)
 *(SORT_BY_NAME(.init_array.*))
 *(.init_array*)
 .init_array    0x0800433c        0x4 C:/Program Files (x86)/Arm/GNU Toolchain mingw-w64-i686-arm-none-eabi/bin/../lib/gcc/arm-none-eabi/15.2.1/thumb/v6-m/nofp/crtbegin.o
                0x08004340                        PROVIDE (__init_array_end = .)
                0x08004340                        . = ALIGN (0x4)

.fini_array     0x08004340        0x4
                0x08004340                        . = ALIGN (0x4)
                [!provide]                        PROVIDE (__fini_array_start = .)
 *(SORT_BY_NAME(.fini_array.*))
 *(.fini_array*)
 .fini_array    0x08004340        0x4 C:/Program Files (x86)/Arm/GNU Toolchain mingw-w64-i686-arm-none-eabi/bin/../lib/gcc/arm-none-eabi/15.2.1/thumb/v6-m/nofp/crtbegin.o
                [!provide]                        PROVIDE (__fini_array_end = .)
                0x08004344                        . = ALIGN (0x4)
                0x08004344                        _sidata = LOADADDR (.data)

.rel.dyn        0x08004344        0x0
 .rel.iplt      0x08004344        0x0 C:/Program Files (x86)/Arm/GNU Toolchain mingw-w64-i686-arm-none-eabi/bin/../lib/gcc/arm-none-eabi/15.2.1/thumb/v6-m/nofp/crtbegin.o

.data           0x20000000       0x5c load address 0x08004344
                0x20000000                        . = ALIGN (0x4)
                0x20000000                        _sdata = .
 *(.data)
 *(.data*)
 .data.uwTickFreq
                0x20000000        0x1 build/stm32l0xx_hal.o
                0x20000000                uwTickFreq
 *fill*         0x20000001        0x3 
 .data.uwTickPrio
                0x20000004        0x4 build/stm32l0xx_hal.o
                0x20000004                uwTickPrio
 .data.SystemCoreClock
                0x20000008        0x4 build/system_stm32l0xx.o
                0x20000008                SystemCoreClock
 .data._impure_ptr
                0x2000000c        0x4 C:/Program Files (x86)/Arm/GNU Toolchain mingw-w64-i686-arm-none-eabi/bin/../lib/gcc/arm-none-eabi/15.2.1/../../../../arm-none-eabi/lib/thumb/v6-m/nofp\libc_nano.a(libc_a-impure.o)
                0x2000000c                _impure_ptr
 .data._impure_data
                0x20000010       0x4c C:/Program Files (x86)/Arm/GNU Toolchain mingw-w64-i686-arm-none-eabi/bin/../lib/gcc/arm-none-eabi/15.2.1/../../../../arm-none-eabi/lib/thumb/v6-m/nofp\libc_nano.a(libc_a-impure.o)
                0x20000010                _impure_data
 *(.RamFunc)
 *(.RamFunc*)
                0x2000005c                        . = ALIGN (0x4)
                0x2000005c                        _edata = .

.tm_clone_table
                0x2000005c        0x0 load address 0x080043a0
 .tm_clone_table
                0x2000005c        0x0 C:/Program Files (x86)/Arm/GNU Toolchain mingw-w64-i686-arm-none-eabi/bin/../lib/gcc/arm-none-eabi/15.2.1/thumb/v6-m/nofp/crtbegin.o
 .tm_clone_table
                0x2000005c        0x0 C:/Program Files (x86)/Arm/GNU Toolchain mingw-w64-i686-arm-none-eabi/bin/../lib/gcc/arm-none-eabi/15.2.1/thumb/v6-m/nofp/crtend.o

.igot.plt       0x2000005c        0x0 load address 0x080043a0
 .igot.plt      0x2000005c        0x0 C:/Program Files (x86)/Arm/GNU Toolchain mingw-w64-i686-arm-none-eabi/bin/../lib/gcc/arm-none-eabi/15.2.1/thumb/v6-m/nofp/crtbegin.o
                0x2000005c                        . = ALIGN (0x4)

.bss            0x2000005c      0x270 load address 0x080043a0
                0x2000005c                        _sbss = .
                0x2000005c                        __bss_start__ = _sbss
 *(.bss)
 *(.bss*)
 .bss.completed.1
                0x2000005c        0x1 C:/Program Files (x86)/Arm/GNU Toolchain mingw-w64-i686-arm-none-eabi/bin/../lib/gcc/arm-none-eabi/15.2.1/thumb/v6-m/nofp/crtbegin.o
 *fill*         0x2000005d        0x3 
 .bss.object.0  0x20000060       0x18 C:/Program Files (x86)/Arm/GNU Toolchain mingw-w64-i686-arm-none-eabi/bin/../lib/gcc/arm-none-eabi/15.2.1/thumb/v6-m/nofp/crtbegin.o
 .bss.g_rtc_wakeup
                0x20000078        0x1 build/main.o
                0x20000078                g_rtc_wakeup
 *fill*         0x20000079        0x3 
 .bss.huart2    0x2000007c       0x88 build/main.o
                0x2000007c                huart2
 .bss.hrtc      0x20000104       0x24 build/main.o
                0x20000104                hrtc
 .bss.hi2c2     0x20000128       0x54 build/main.o
                0x20000128                hi2c2
 .bss.uwTick    0x2000017c        0x4 build/stm32l0xx_hal.o
                0x2000017c                uwTick
 .bss.__sbrk_heap_end
                0x20000180        0x4 build/sysmem.o
 .bss.__sf      0x20000184      0x138 C:/Program Files (x86)/Arm/GNU Toolchain mingw-w64-i686-arm-none-eabi/bin/../lib/gcc/arm-none-eabi/15.2.1/../../../../arm-none-eabi/lib/thumb/v6-m/nofp\libc_nano.a(libc_a-findfp.o)
                0x20000184                __sf
 .bss.errno     0x200002bc        0x4 C:/Program Files (x86)/Arm/GNU Toolchain mingw-w64-i686-arm-none-eabi/bin/../lib/gcc/arm-none-eabi/15.2.1/../../../../arm-none-eabi/lib/thumb/v6-m/nofp\libc_nano.a(libc_a-reent.o)
                0x200002bc                errno
 .bss.__lock___malloc_recursive_mutex
                0x200002c0        0x1 C:/Program Files (x86)/Arm/GNU Toolchain mingw-w64-i686-arm-none-eabi/bin/../lib/gcc/arm-none-eabi/15.2.1/../../../../arm-none-eabi/lib/thumb/v6-m/nofp\libc_nano.a(libc_a-lock.o)
                0x200002c0                __lock___malloc_recursive_mutex
 *fill*         0x200002c1        0x3 
 .bss.__malloc_sbrk_start
                0x200002c4        0x4 C:/Program Files (x86)/Arm/GNU Toolchain mingw-w64-i686-arm-none-eabi/bin/../lib/gcc/arm-none-eabi/15.2.1/../../../../arm-none-eabi/lib/thumb/v6-m/nofp\libc_nano.a(libc_a-mallocr.o)
                0x200002c4                __malloc_sbrk_start
 .bss.__malloc_free_list
                0x200002c8        0x4 C:/Program Files (x86)/Arm/GNU Toolchain mingw-w64-i686-arm-none-eabi/bin/../lib/gcc/arm-none-eabi/15.2.1/../../../../arm-none-eabi/lib/thumb/v6-m/nofp\libc_nano.a(libc_a-mallocr.o)
                0x200002c8                __malloc_free_list
 *(COMMON)
                0x200002cc                        . = ALIGN (0x4)
                0x200002cc                        _ebss = .
                0x200002cc                        __bss_end__ = _ebss

._user_heap_stack
                0x200002cc      0x604 load address 0x080043a0
                0x200002d0                        . = ALIGN (0x8)
 *fill*         0x200002cc        0x4 
                [!provide]                        PROVIDE (end = .)
                0x200002d0                        PROVIDE (_end = .)
                0x200004d0                        . = (. + _Min_Heap_Size)
 *fill*         0x200002d0      0x200 
                0x200008d0                        . = (. + _Min_Stack_Size)
 *fill*         0x200004d0      0x400 
                0x200008d0                        . = ALIGN (0x8)

/DISCARD/
 libc.a(*)
 libm.a(*)
 libgcc.a(*)
OUTPUT(build/nucleo_lcd_test_2.elf elf32-littlearm)
LOAD linker stubs
LOAD C:/Program Files (x86)/Arm/GNU Toolchain mingw-w64-i686-arm-none-eabi/bin/../lib/gcc/arm-none-eabi/15.2.1/../../../../arm-none-eabi/lib/thumb/v6-m/nofp\libc.a
LOAD C:/Program Files (x86)/Arm/GNU Toolchain mingw-w64-i686-arm-none-eabi/bin/../lib/gcc/arm-none-eabi/15.2.1/../../../../arm-none-eabi/lib/thumb/v6-m/nofp\libm.a
LOAD C:/Program Files (x86)/Arm/GNU Toolchain mingw-w64-i686-arm-none-eabi/bin/../lib/gcc/arm-none-eabi/15.2.1/thumb/v6-m/nofp\libgcc.a

.ARM.attributes
                0x00000000       0x28
 .ARM.attributes
                0x00000000       0x1e C:/Program Files (x86)/Arm/GNU Toolchain mingw-w64-i686-arm-none-eabi/bin/../lib/gcc/arm-none-eabi/15.2.1/thumb/v6-m/nofp/crti.o
 .ARM.attributes
                0x0000001e       0x2c C:/Program Files (x86)/Arm/GNU Toolchain mingw-w64-i686-arm-none-eabi/bin/../lib/gcc/arm-none-eabi/15.2.1/thumb/v6-m/nofp/crtbegin.o
 .ARM.attributes
                0x0000004a       0x2c build/main.o
 .ARM.attributes
                0x00000076       0x2c build/stm32l0xx_it.o
 .ARM.attributes
                0x000000a2       0x2c build/stm32l0xx_hal_msp.o
 .ARM.attributes
                0x000000ce       0x2c build/stm32l0xx_hal.o
 .ARM.attributes
                0x000000fa       0x2c build/stm32l0xx_hal_i2c.o
 .ARM.attributes
                0x00000126       0x2c build/stm32l0xx_hal_i2c_ex.o
 .ARM.attributes
                0x00000152       0x2c build/stm32l0xx_hal_rcc.o
 .ARM.attributes
                0x0000017e       0x2c build/stm32l0xx_hal_rcc_ex.o
 .ARM.attributes
                0x000001aa       0x2c build/stm32l0xx_hal_gpio.o
 .ARM.attributes
                0x000001d6       0x2c build/stm32l0xx_hal_cortex.o
 .ARM.attributes
                0x00000202       0x2c build/stm32l0xx_hal_rtc.o
 .ARM.attributes
                0x0000022e       0x2c build/stm32l0xx_hal_rtc_ex.o
 .ARM.attributes
                0x0000025a       0x2c build/system_stm32l0xx.o
 .ARM.attributes
                0x00000286       0x2c build/sysmem.o
 .ARM.attributes
                0x000002b2       0x2c build/stm32l0xx_hal_uart.o
 .ARM.attributes
                0x000002de       0x22 build/startup_stm32l053xx.o
 .ARM.attributes
                0x00000300       0x2c C:/Program Files (x86)/Arm/GNU Toolchain mingw-w64-i686-arm-none-eabi/bin/../lib/gcc/arm-none-eabi/15.2.1/../../../../arm-none-eabi/lib/thumb/v6-m/nofp\libc_nano.a(libc_a-findfp.o)
 .ARM.attributes
                0x0000032c       0x2c C:/Program Files (x86)/Arm/GNU Toolchain mingw-w64-i686-arm-none-eabi/bin/../lib/gcc/arm-none-eabi/15.2.1/../../../../arm-none-eabi/lib/thumb/v6-m/nofp\libc_nano.a(libc_a-vsnprintf.o)
 .ARM.attributes
                0x00000358       0x2c C:/Program Files (x86)/Arm/GNU Toolchain mingw-w64-i686-arm-none-eabi/bin/../lib/gcc/arm-none-eabi/15.2.1/../../../../arm-none-eabi/lib/thumb/v6-m/nofp\libc_nano.a(libc_a-memset.o)
 .ARM.attributes
                0x00000384       0x2c C:/Program Files (x86)/Arm/GNU Toolchain mingw-w64-i686-arm-none-eabi/bin/../lib/gcc/arm-none-eabi/15.2.1/../../../../arm-none-eabi/lib/thumb/v6-m/nofp\libc_nano.a(libc_a-reent.o)
 .ARM.attributes
                0x000003b0       0x2c C:/Program Files (x86)/Arm/GNU Toolchain mingw-w64-i686-arm-none-eabi/bin/../lib/gcc/arm-none-eabi/15.2.1/../../../../arm-none-eabi/lib/thumb/v6-m/nofp\libc_nano.a(libc_a-impure.o)
 .ARM.attributes
                0x000003dc       0x2c C:/Program Files (x86)/Arm/GNU Toolchain mingw-w64-i686-arm-none-eabi/bin/../lib/gcc/arm-none-eabi/15.2.1/../../../../arm-none-eabi/lib/thumb/v6-m/nofp\libc_nano.a(libc_a-errno.o)
 .ARM.attributes
                0x00000408       0x2c C:/Program Files (x86)/Arm/GNU Toolchain mingw-w64-i686-arm-none-eabi/bin/../lib/gcc/arm-none-eabi/15.2.1/../../../../arm-none-eabi/lib/thumb/v6-m/nofp\libc_nano.a(libc_a-init.o)
 .ARM.attributes
                0x00000434       0x2c C:/Program Files (x86)/Arm/GNU Toolchain mingw-w64-i686-arm-none-eabi/bin/../lib/gcc/arm-none-eabi/15.2.1/../../../../arm-none-eabi/lib/thumb/v6-m/nofp\libc_nano.a(libc_a-lock.o)
 .ARM.attributes
                0x00000460       0x1c C:/Program Files (x86)/Arm/GNU Toolchain mingw-w64-i686-arm-none-eabi/bin/../lib/gcc/arm-none-eabi/15.2.1/../../../../arm-none-eabi/lib/thumb/v6-m/nofp\libc_nano.a(libc_a-strlen.o)
 .ARM.attributes
                0x0000047c       0x2c C:/Program Files (x86)/Arm/GNU Toolchain mingw-w64-i686-arm-none-eabi/bin/../lib/gcc/arm-none-eabi/15.2.1/../../../../arm-none-eabi/lib/thumb/v6-m/nofp\libc_nano.a(libc_a-freer.o)
 .ARM.attributes
                0x000004a8       0x2c C:/Program Files (x86)/Arm/GNU Toolchain mingw-w64-i686-arm-none-eabi/bin/../lib/gcc/arm-none-eabi/15.2.1/../../../../arm-none-eabi/lib/thumb/v6-m/nofp\libc_nano.a(libc_a-mallocr.o)
 .ARM.attributes
                0x000004d4       0x2c C:/Program Files (x86)/Arm/GNU Toolchain mingw-w64-i686-arm-none-eabi/bin/../lib/gcc/arm-none-eabi/15.2.1/../../../../arm-none-eabi/lib/thumb/v6-m/nofp\libc_nano.a(libc_a-mlock.o)
 .ARM.attributes
                0x00000500       0x2c C:/Program Files (x86)/Arm/GNU Toolchain mingw-w64-i686-arm-none-eabi/bin/../lib/gcc/arm-none-eabi/15.2.1/../../../../arm-none-eabi/lib/thumb/v6-m/nofp\libc_nano.a(libc_a-nano-svfprintf.o)
 .ARM.attributes
                0x0000052c       0x2c C:/Program Files (x86)/Arm/GNU Toolchain mingw-w64-i686-arm-none-eabi/bin/../lib/gcc/arm-none-eabi/15.2.1/../../../../arm-none-eabi/lib/thumb/v6-m/nofp\libc_nano.a(libc_a-nano-vfprintf_i.o)
 .ARM.attributes
                0x00000558       0x2c C:/Program Files (x86)/Arm/GNU Toolchain mingw-w64-i686-arm-none-eabi/bin/../lib/gcc/arm-none-eabi/15.2.1/../../../../arm-none-eabi/lib/thumb/v6-m/nofp\libc_nano.a(libc_a-memmove.o)
 .ARM.attributes
                0x00000584       0x2c C:/Program Files (x86)/Arm/GNU Toolchain mingw-w64-i686-arm-none-eabi/bin/../lib/gcc/arm-none-eabi/15.2.1/../../../../arm-none-eabi/lib/thumb/v6-m/nofp\libc_nano.a(libc_a-sbrkr.o)
 .ARM.attributes
                0x000005b0       0x2c C:/Program Files (x86)/Arm/GNU Toolchain mingw-w64-i686-arm-none-eabi/bin/../lib/gcc/arm-none-eabi/15.2.1/../../../../arm-none-eabi/lib/thumb/v6-m/nofp\libc_nano.a(libc_a-memchr-stub.o)
 .ARM.attributes
                0x000005dc       0x2c C:/Program Files (x86)/Arm/GNU Toolchain mingw-w64-i686-arm-none-eabi/bin/../lib/gcc/arm-none-eabi/15.2.1/../../../../arm-none-eabi/lib/thumb/v6-m/nofp\libc_nano.a(libc_a-memcpy-stub.o)
 .ARM.attributes
                0x00000608       0x2c C:/Program Files (x86)/Arm/GNU Toolchain mingw-w64-i686-arm-none-eabi/bin/../lib/gcc/arm-none-eabi/15.2.1/../../../../arm-none-eabi/lib/thumb/v6-m/nofp\libc_nano.a(libc_a-reallocr.o)
 .ARM.attributes
                0x00000634       0x2c C:/Program Files (x86)/Arm/GNU Toolchain mingw-w64-i686-arm-none-eabi/bin/../lib/gcc/arm-none-eabi/15.2.1/../../../../arm-none-eabi/lib/thumb/v6-m/nofp\libc_nano.a(libc_a-msizer.o)
 .ARM.attributes
                0x00000660       0x1e C:/Program Files (x86)/Arm/GNU Toolchain mingw-w64-i686-arm-none-eabi/bin/../lib/gcc/arm-none-eabi/15.2.1/thumb/v6-m/nofp\libgcc.a(_thumb1_case_shi.o)
 .ARM.attributes
                0x0000067e       0x1e C:/Program Files (x86)/Arm/GNU Toolchain mingw-w64-i686-arm-none-eabi/bin/../lib/gcc/arm-none-eabi/15.2.1/thumb/v6-m/nofp\libgcc.a(_udivsi3.o)
 .ARM.attributes
                0x0000069c       0x1e C:/Program Files (x86)/Arm/GNU Toolchain mingw-w64-i686-arm-none-eabi/bin/../lib/gcc/arm-none-eabi/15.2.1/thumb/v6-m/nofp\libgcc.a(_dvmd_tls.o)
 .ARM.attributes
                0x000006ba       0x1e C:/Program Files (x86)/Arm/GNU Toolchain mingw-w64-i686-arm-none-eabi/bin/../lib/gcc/arm-none-eabi/15.2.1/thumb/v6-m/nofp\libgcc.a(_arm_cmpsf2.o)
 .ARM.attributes
                0x000006d8       0x1e C:/Program Files (x86)/Arm/GNU Toolchain mingw-w64-i686-arm-none-eabi/bin/../lib/gcc/arm-none-eabi/15.2.1/thumb/v6-m/nofp\libgcc.a(_aeabi_uldivmod.o)
 .ARM.attributes
                0x000006f6       0x2c C:/Program Files (x86)/Arm/GNU Toolchain mingw-w64-i686-arm-none-eabi/bin/../lib/gcc/arm-none-eabi/15.2.1/thumb/v6-m/nofp\libgcc.a(_udivmoddi4.o)
 .ARM.attributes
                0x00000722       0x2c C:/Program Files (x86)/Arm/GNU Toolchain mingw-w64-i686-arm-none-eabi/bin/../lib/gcc/arm-none-eabi/15.2.1/thumb/v6-m/nofp\libgcc.a(divsf3.o)
 .ARM.attributes
                0x0000074e       0x2c C:/Program Files (x86)/Arm/GNU Toolchain mingw-w64-i686-arm-none-eabi/bin/../lib/gcc/arm-none-eabi/15.2.1/thumb/v6-m/nofp\libgcc.a(eqsf2.o)
 .ARM.attributes
                0x0000077a       0x2c C:/Program Files (x86)/Arm/GNU Toolchain mingw-w64-i686-arm-none-eabi/bin/../lib/gcc/arm-none-eabi/15.2.1/thumb/v6-m/nofp\libgcc.a(gesf2.o)
 .ARM.attributes
                0x000007a6       0x2c C:/Program Files (x86)/Arm/GNU Toolchain mingw-w64-i686-arm-none-eabi/bin/../lib/gcc/arm-none-eabi/15.2.1/thumb/v6-m/nofp\libgcc.a(lesf2.o)
 .ARM.attributes
                0x000007d2       0x2c C:/Program Files (x86)/Arm/GNU Toolchain mingw-w64-i686-arm-none-eabi/bin/../lib/gcc/arm-none-eabi/15.2.1/thumb/v6-m/nofp\libgcc.a(mulsf3.o)
 .ARM.attributes
                0x000007fe       0x2c C:/Program Files (x86)/Arm/GNU Toolchain mingw-w64-i686-arm-none-eabi/bin/../lib/gcc/arm-none-eabi/15.2.1/thumb/v6-m/nofp\libgcc.a(subsf3.o)
 .ARM.attributes
                0x0000082a       0x2c C:/Program Files (x86)/Arm/GNU Toolchain mingw-w64-i686-arm-none-eabi/bin/../lib/gcc/arm-none-eabi/15.2.1/thumb/v6-m/nofp\libgcc.a(floatunsisf.o)
 .ARM.attributes
                0x00000856       0x2c C:/Program Files (x86)/Arm/GNU Toolchain mingw-w64-i686-arm-none-eabi/bin/../lib/gcc/arm-none-eabi/15.2.1/thumb/v6-m/nofp\libgcc.a(extendsfdf2.o)
 .ARM.attributes
                0x00000882       0x1e C:/Program Files (x86)/Arm/GNU Toolchain mingw-w64-i686-arm-none-eabi/bin/../lib/gcc/arm-none-eabi/15.2.1/thumb/v6-m/nofp\libgcc.a(_clzsi2.o)
 .ARM.attributes
                0x000008a0       0x1e C:/Program Files (x86)/Arm/GNU Toolchain mingw-w64-i686-arm-none-eabi/bin/../lib/gcc/arm-none-eabi/15.2.1/thumb/v6-m/nofp\libgcc.a(_clzdi2.o)
 .ARM.attributes
                0x000008be       0x2c C:/Program Files (x86)/Arm/GNU Toolchain mingw-w64-i686-arm-none-eabi/bin/../lib/gcc/arm-none-eabi/15.2.1/thumb/v6-m/nofp/crtend.o
 .ARM.attributes
                0x000008ea       0x1e C:/Program Files (x86)/Arm/GNU Toolchain mingw-w64-i686-arm-none-eabi/bin/../lib/gcc/arm-none-eabi/15.2.1/thumb/v6-m/nofp/crtn.o

.comment        0x00000000       0x45
 .comment       0x00000000       0x45 build/main.o
                                 0x46 (size before relaxing)
 .comment       0x00000045        0x0 build/stm32l0xx_it.o
                                 0x46 (size before relaxing)
 .comment       0x00000045        0x0 build/stm32l0xx_hal_msp.o
                                 0x46 (size before relaxing)
 .comment       0x00000045        0x0 build/stm32l0xx_hal.o
                                 0x46 (size before relaxing)
 .comment       0x00000045        0x0 build/stm32l0xx_hal_i2c.o
                                 0x46 (size before relaxing)
 .comment       0x00000045        0x0 build/stm32l0xx_hal_i2c_ex.o
                                 0x46 (size before relaxing)
 .comment       0x00000045        0x0 build/stm32l0xx_hal_rcc.o
                                 0x46 (size before relaxing)
 .comment       0x00000045        0x0 build/stm32l0xx_hal_rcc_ex.o
                                 0x46 (size before relaxing)
 .comment       0x00000045        0x0 build/stm32l0xx_hal_gpio.o
                                 0x46 (size before relaxing)
 .comment       0x00000045        0x0 build/stm32l0xx_hal_cortex.o
                                 0x46 (size before relaxing)
 .comment       0x00000045        0x0 build/stm32l0xx_hal_rtc.o
                                 0x46 (size before relaxing)
 .comment       0x00000045        0x0 build/stm32l0xx_hal_rtc_ex.o
                                 0x46 (size before relaxing)
 .comment       0x00000045        0x0 build/system_stm32l0xx.o
                                 0x46 (size before relaxing)
 .comment       0x00000045        0x0 build/sysmem.o
                                 0x46 (size before relaxing)
 .comment       0x00000045        0x0 build/stm32l0xx_hal_uart.o
                                 0x46 (size before relaxing)

.debug_info     0x00000000    0x13d59
 .debug_info    0x00000000     0x20c1 build/main.o
 .debug_info    0x000020c1      0x462 build/stm32l0xx_it.o
 .debug_info    0x00002523     0x1750 build/stm32l0xx_hal_msp.o
 .debug_info    0x00003c73      0xa32 build/stm32l0xx_hal.o
 .debug_info    0x000046a5     0x46aa build/stm32l0xx_hal_i2c.o
 .debug_info    0x00008d4f      0x9f0 build/stm32l0xx_hal_i2c_ex.o
 .debug_info    0x0000973f      0xe39 build/stm32l0xx_hal_rcc.o
 .debug_info    0x0000a578      0xa62 build/stm32l0xx_hal_rcc_ex.o
 .debug_info    0x0000afda      0x76b build/stm32l0xx_hal_gpio.o
 .debug_info    0x0000b745      0xb3b build/stm32l0xx_hal_cortex.o
 .debug_info    0x0000c280     0x10d6 build/stm32l0xx_hal_rtc.o
 .debug_info    0x0000d356     0x129a build/stm32l0xx_hal_rtc_ex.o
 .debug_info    0x0000e5f0      0x383 build/system_stm32l0xx.o
 .debug_info    0x0000e973      0x194 build/sysmem.o
 .debug_info    0x0000eb07     0x5222 build/stm32l0xx_hal_uart.o
 .debug_info    0x00013d29       0x30 build/startup_stm32l053xx.o

.debug_abbrev   0x00000000     0x22f3
 .debug_abbrev  0x00000000      0x36f build/main.o
 .debug_abbrev  0x0000036f      0x14a build/stm32l0xx_it.o
 .debug_abbrev  0x000004b9      0x234 build/stm32l0xx_hal_msp.o
 .debug_abbrev  0x000006ed      0x2bb build/stm32l0xx_hal.o
 .debug_abbrev  0x000009a8      0x2f5 build/stm32l0xx_hal_i2c.o
 .debug_abbrev  0x00000c9d      0x1ac build/stm32l0xx_hal_i2c_ex.o
 .debug_abbrev  0x00000e49      0x2f5 build/stm32l0xx_hal_rcc.o
 .debug_abbrev  0x0000113e      0x22a build/stm32l0xx_hal_rcc_ex.o
 .debug_abbrev  0x00001368      0x225 build/stm32l0xx_hal_gpio.o
 .debug_abbrev  0x0000158d      0x31d build/stm32l0xx_hal_cortex.o
 .debug_abbrev  0x000018aa      0x249 build/stm32l0xx_hal_rtc.o
 .debug_abbrev  0x00001af3      0x27c build/stm32l0xx_hal_rtc_ex.o
 .debug_abbrev  0x00001d6f      0x134 build/system_stm32l0xx.o
 .debug_abbrev  0x00001ea3       0xeb build/sysmem.o
 .debug_abbrev  0x00001f8e      0x348 build/stm32l0xx_hal_uart.o
 .debug_abbrev  0x000022d6       0x1d build/startup_stm32l053xx.o

.debug_loc      0x00000000     0xf9cd
 .debug_loc     0x00000000      0x4db build/main.o
 .debug_loc     0x000004db       0x40 build/stm32l0xx_it.o
 .debug_loc     0x0000051b      0x3a5 build/stm32l0xx_hal_msp.o
 .debug_loc     0x000008c0      0x237 build/stm32l0xx_hal.o
 .debug_loc     0x00000af7     0x646c build/stm32l0xx_hal_i2c.o
 .debug_loc     0x00006f63      0x2e4 build/stm32l0xx_hal_i2c_ex.o
 .debug_loc     0x00007247      0x930 build/stm32l0xx_hal_rcc.o
 .debug_loc     0x00007b77      0xa69 build/stm32l0xx_hal_rcc_ex.o
 .debug_loc     0x000085e0      0x523 build/stm32l0xx_hal_gpio.o
 .debug_loc     0x00008b03      0x3ff build/stm32l0xx_hal_cortex.o
 .debug_loc     0x00008f02     0x1257 build/stm32l0xx_hal_rtc.o
 .debug_loc     0x0000a159     0x16c4 build/stm32l0xx_hal_rtc_ex.o
 .debug_loc     0x0000b81d      0x20c build/system_stm32l0xx.o
 .debug_loc     0x0000ba29       0xbf build/sysmem.o
 .debug_loc     0x0000bae8     0x3ee5 build/stm32l0xx_hal_uart.o

.debug_aranges  0x00000000      0xc18
 .debug_aranges
                0x00000000       0x88 build/main.o
 .debug_aranges
                0x00000088       0x50 build/stm32l0xx_it.o
 .debug_aranges
                0x000000d8       0x60 build/stm32l0xx_hal_msp.o
 .debug_aranges
                0x00000138      0x110 build/stm32l0xx_hal.o
 .debug_aranges
                0x00000248      0x2a0 build/stm32l0xx_hal_i2c.o
 .debug_aranges
                0x000004e8       0x48 build/stm32l0xx_hal_i2c_ex.o
 .debug_aranges
                0x00000530       0x80 build/stm32l0xx_hal_rcc.o
 .debug_aranges
                0x000005b0       0xb0 build/stm32l0xx_hal_rcc_ex.o
 .debug_aranges
                0x00000660       0x58 build/stm32l0xx_hal_gpio.o
 .debug_aranges
                0x000006b8       0xc0 build/stm32l0xx_hal_cortex.o
 .debug_aranges
                0x00000778       0xe8 build/stm32l0xx_hal_rtc.o
 .debug_aranges
                0x00000860      0x120 build/stm32l0xx_hal_rtc_ex.o
 .debug_aranges
                0x00000980       0x28 build/system_stm32l0xx.o
 .debug_aranges
                0x000009a8       0x20 build/sysmem.o
 .debug_aranges
                0x000009c8      0x228 build/stm32l0xx_hal_uart.o
 .debug_aranges
                0x00000bf0       0x28 build/startup_stm32l053xx.o

.debug_ranges   0x00000000      0xbc8
 .debug_ranges  0x00000000       0x78 build/main.o
 .debug_ranges  0x00000078       0x40 build/stm32l0xx_it.o
 .debug_ranges  0x000000b8       0x50 build/stm32l0xx_hal_msp.o
 .debug_ranges  0x00000108      0x100 build/stm32l0xx_hal.o
 .debug_ranges  0x00000208      0x290 build/stm32l0xx_hal_i2c.o
 .debug_ranges  0x00000498       0x38 build/stm32l0xx_hal_i2c_ex.o
 .debug_ranges  0x000004d0       0xa0 build/stm32l0xx_hal_rcc.o
 .debug_ranges  0x00000570       0xa0 build/stm32l0xx_hal_rcc_ex.o
 .debug_ranges  0x00000610       0x48 build/stm32l0xx_hal_gpio.o
 .debug_ranges  0x00000658       0xc8 build/stm32l0xx_hal_cortex.o
 .debug_ranges  0x00000720       0xd8 build/stm32l0xx_hal_rtc.o
 .debug_ranges  0x000007f8      0x110 build/stm32l0xx_hal_rtc_ex.o
 .debug_ranges  0x00000908       0x18 build/system_stm32l0xx.o
 .debug_ranges  0x00000920       0x10 build/sysmem.o
 .debug_ranges  0x00000930      0x278 build/stm32l0xx_hal_uart.o
 .debug_ranges  0x00000ba8       0x20 build/startup_stm32l053xx.o

.debug_line     0x00000000     0xfcf9
 .debug_line    0x00000000      0x949 build/main.o
 .debug_line    0x00000949      0x273 build/stm32l0xx_it.o
 .debug_line    0x00000bbc      0x4f4 build/stm32l0xx_hal_msp.o
 .debug_line    0x000010b0      0x653 build/stm32l0xx_hal.o
 .debug_line    0x00001703     0x4fe1 build/stm32l0xx_hal_i2c.o
 .debug_line    0x000066e4      0x3e3 build/stm32l0xx_hal_i2c_ex.o
 .debug_line    0x00006ac7      0xf1d build/stm32l0xx_hal_rcc.o
 .debug_line    0x000079e4      0xb79 build/stm32l0xx_hal_rcc_ex.o
 .debug_line    0x0000855d      0x6cd build/stm32l0xx_hal_gpio.o
 .debug_line    0x00008c2a      0x6ba build/stm32l0xx_hal_cortex.o
 .debug_line    0x000092e4     0x114f build/stm32l0xx_hal_rtc.o
 .debug_line    0x0000a433     0x134c build/stm32l0xx_hal_rtc_ex.o
 .debug_line    0x0000b77f      0x27a build/system_stm32l0xx.o
 .debug_line    0x0000b9f9      0x20a build/sysmem.o
 .debug_line    0x0000bc03     0x4082 build/stm32l0xx_hal_uart.o
 .debug_line    0x0000fc85       0x74 build/startup_stm32l053xx.o

.debug_str      0x00000000     0x3bad
 .debug_str     0x00000000     0x3bad build/main.o
                               0x11bf (size before relaxing)
 .debug_str     0x00003bad        0x0 build/stm32l0xx_it.o
                                0x3e2 (size before relaxing)
 .debug_str     0x00003bad        0x0 build/stm32l0xx_hal_msp.o
                                0xed7 (size before relaxing)
 .debug_str     0x00003bad        0x0 build/stm32l0xx_hal.o
                                0x86d (size before relaxing)
 .debug_str     0x00003bad        0x0 build/stm32l0xx_hal_i2c.o
                                0xfcf (size before relaxing)
 .debug_str     0x00003bad        0x0 build/stm32l0xx_hal_i2c_ex.o
                                0x829 (size before relaxing)
 .debug_str     0x00003bad        0x0 build/stm32l0xx_hal_rcc.o
                                0x70b (size before relaxing)
 .debug_str     0x00003bad        0x0 build/stm32l0xx_hal_rcc_ex.o
                                0x7c3 (size before relaxing)
 .debug_str     0x00003bad        0x0 build/stm32l0xx_hal_gpio.o
                                0x453 (size before relaxing)
 .debug_str     0x00003bad        0x0 build/stm32l0xx_hal_cortex.o
                                0x759 (size before relaxing)
 .debug_str     0x00003bad        0x0 build/stm32l0xx_hal_rtc.o
                                0x789 (size before relaxing)
 .debug_str     0x00003bad        0x0 build/stm32l0xx_hal_rtc_ex.o
                                0xa2b (size before relaxing)
 .debug_str     0x00003bad        0x0 build/system_stm32l0xx.o
                                0x2d3 (size before relaxing)
 .debug_str     0x00003bad        0x0 build/sysmem.o
                                0x21b (size before relaxing)
 .debug_str     0x00003bad        0x0 build/stm32l0xx_hal_uart.o
                                0xf76 (size before relaxing)
 .debug_str     0x00003bad        0x0 build/startup_stm32l053xx.o
                                 0x89 (size before relaxing)

.debug_frame    0x00000000     0x269c
 .debug_frame   0x00000000      0x178 build/main.o
 .debug_frame   0x00000178       0x90 build/stm32l0xx_it.o
 .debug_frame   0x00000208       0xf4 build/stm32l0xx_hal_msp.o
 .debug_frame   0x000002fc      0x230 build/stm32l0xx_hal.o
 .debug_frame   0x0000052c      0x888 build/stm32l0xx_hal_i2c.o
 .debug_frame   0x00000db4       0xa0 build/stm32l0xx_hal_i2c_ex.o
 .debug_frame   0x00000e54      0x140 build/stm32l0xx_hal_rcc.o
 .debug_frame   0x00000f94      0x170 build/stm32l0xx_hal_rcc_ex.o
 .debug_frame   0x00001104       0xc0 build/stm32l0xx_hal_gpio.o
 .debug_frame   0x000011c4      0x194 build/stm32l0xx_hal_cortex.o
 .debug_frame   0x00001358      0x270 build/stm32l0xx_hal_rtc.o
 .debug_frame   0x000015c8      0x340 build/stm32l0xx_hal_rtc_ex.o
 .debug_frame   0x00001908       0x38 build/system_stm32l0xx.o
 .debug_frame   0x00001940       0x28 build/sysmem.o
 .debug_frame   0x00001968      0x628 build/stm32l0xx_hal_uart.o
 .debug_frame   0x00001f90      0x138 C:/Program Files (x86)/Arm/GNU Toolchain mingw-w64-i686-arm-none-eabi/bin/../lib/gcc/arm-none-eabi/15.2.1/../../../../arm-none-eabi/lib/thumb/v6-m/nofp\libc_nano.a(libc_a-findfp.o)
 .debug_frame   0x000020c8       0x48 C:/Program Files (x86)/Arm/GNU Toolchain mingw-w64-i686-arm-none-eabi/bin/../lib/gcc/arm-none-eabi/15.2.1/../../../../arm-none-eabi/lib/thumb/v6-m/nofp\libc_nano.a(libc_a-vsnprintf.o)
 .debug_frame   0x00002110       0x20 C:/Program Files (x86)/Arm/GNU Toolchain mingw-w64-i686-arm-none-eabi/bin/../lib/gcc/arm-none-eabi/15.2.1/../../../../arm-none-eabi/lib/thumb/v6-m/nofp\libc_nano.a(libc_a-memset.o)
 .debug_frame   0x00002130       0x2c C:/Program Files (x86)/Arm/GNU Toolchain mingw-w64-i686-arm-none-eabi/bin/../lib/gcc/arm-none-eabi/15.2.1/../../../../arm-none-eabi/lib/thumb/v6-m/nofp\libc_nano.a(libc_a-reent.o)
 .debug_frame   0x0000215c       0x20 C:/Program Files (x86)/Arm/GNU Toolchain mingw-w64-i686-arm-none-eabi/bin/../lib/gcc/arm-none-eabi/15.2.1/../../../../arm-none-eabi/lib/thumb/v6-m/nofp\libc_nano.a(libc_a-errno.o)
 .debug_frame   0x0000217c       0x2c C:/Program Files (x86)/Arm/GNU Toolchain mingw-w64-i686-arm-none-eabi/bin/../lib/gcc/arm-none-eabi/15.2.1/../../../../arm-none-eabi/lib/thumb/v6-m/nofp\libc_nano.a(libc_a-init.o)
 .debug_frame   0x000021a8       0xb0 C:/Program Files (x86)/Arm/GNU Toolchain mingw-w64-i686-arm-none-eabi/bin/../lib/gcc/arm-none-eabi/15.2.1/../../../../arm-none-eabi/lib/thumb/v6-m/nofp\libc_nano.a(libc_a-lock.o)
 .debug_frame   0x00002258       0x2c C:/Program Files (x86)/Arm/GNU Toolchain mingw-w64-i686-arm-none-eabi/bin/../lib/gcc/arm-none-eabi/15.2.1/../../../../arm-none-eabi/lib/thumb/v6-m/nofp\libc_nano.a(libc_a-freer.o)
 .debug_frame   0x00002284       0x50 C:/Program Files (x86)/Arm/GNU Toolchain mingw-w64-i686-arm-none-eabi/bin/../lib/gcc/arm-none-eabi/15.2.1/../../../../arm-none-eabi/lib/thumb/v6-m/nofp\libc_nano.a(libc_a-mallocr.o)
 .debug_frame   0x000022d4       0x40 C:/Program Files (x86)/Arm/GNU Toolchain mingw-w64-i686-arm-none-eabi/bin/../lib/gcc/arm-none-eabi/15.2.1/../../../../arm-none-eabi/lib/thumb/v6-m/nofp\libc_nano.a(libc_a-mlock.o)
 .debug_frame   0x00002314       0x74 C:/Program Files (x86)/Arm/GNU Toolchain mingw-w64-i686-arm-none-eabi/bin/../lib/gcc/arm-none-eabi/15.2.1/../../../../arm-none-eabi/lib/thumb/v6-m/nofp\libc_nano.a(libc_a-nano-svfprintf.o)
 .debug_frame   0x00002388       0x54 C:/Program Files (x86)/Arm/GNU Toolchain mingw-w64-i686-arm-none-eabi/bin/../lib/gcc/arm-none-eabi/15.2.1/../../../../arm-none-eabi/lib/thumb/v6-m/nofp\libc_nano.a(libc_a-nano-vfprintf_i.o)
 .debug_frame   0x000023dc       0x28 C:/Program Files (x86)/Arm/GNU Toolchain mingw-w64-i686-arm-none-eabi/bin/../lib/gcc/arm-none-eabi/15.2.1/../../../../arm-none-eabi/lib/thumb/v6-m/nofp\libc_nano.a(libc_a-memmove.o)
 .debug_frame   0x00002404       0x2c C:/Program Files (x86)/Arm/GNU Toolchain mingw-w64-i686-arm-none-eabi/bin/../lib/gcc/arm-none-eabi/15.2.1/../../../../arm-none-eabi/lib/thumb/v6-m/nofp\libc_nano.a(libc_a-sbrkr.o)
 .debug_frame   0x00002430       0x20 C:/Program Files (x86)/Arm/GNU Toolchain mingw-w64-i686-arm-none-eabi/bin/../lib/gcc/arm-none-eabi/15.2.1/../../../../arm-none-eabi/lib/thumb/v6-m/nofp\libc_nano.a(libc_a-memchr-stub.o)
 .debug_frame   0x00002450       0x28 C:/Program Files (x86)/Arm/GNU Toolchain mingw-w64-i686-arm-none-eabi/bin/../lib/gcc/arm-none-eabi/15.2.1/../../../../arm-none-eabi/lib/thumb/v6-m/nofp\libc_nano.a(libc_a-memcpy-stub.o)
 .debug_frame   0x00002478       0x34 C:/Program Files (x86)/Arm/GNU Toolchain mingw-w64-i686-arm-none-eabi/bin/../lib/gcc/arm-none-eabi/15.2.1/../../../../arm-none-eabi/lib/thumb/v6-m/nofp\libc_nano.a(libc_a-reallocr.o)
 .debug_frame   0x000024ac       0x20 C:/Program Files (x86)/Arm/GNU Toolchain mingw-w64-i686-arm-none-eabi/bin/../lib/gcc/arm-none-eabi/15.2.1/../../../../arm-none-eabi/lib/thumb/v6-m/nofp\libc_nano.a(libc_a-msizer.o)
 .debug_frame   0x000024cc       0x20 C:/Program Files (x86)/Arm/GNU Toolchain mingw-w64-i686-arm-none-eabi/bin/../lib/gcc/arm-none-eabi/15.2.1/thumb/v6-m/nofp\libgcc.a(_udivsi3.o)
 .debug_frame   0x000024ec       0x3c C:/Program Files (x86)/Arm/GNU Toolchain mingw-w64-i686-arm-none-eabi/bin/../lib/gcc/arm-none-eabi/15.2.1/thumb/v6-m/nofp\libgcc.a(_udivmoddi4.o)
 .debug_frame   0x00002528       0x38 C:/Program Files (x86)/Arm/GNU Toolchain mingw-w64-i686-arm-none-eabi/bin/../lib/gcc/arm-none-eabi/15.2.1/thumb/v6-m/nofp\libgcc.a(divsf3.o)
 .debug_frame   0x00002560       0x2c C:/Program Files (x86)/Arm/GNU Toolchain mingw-w64-i686-arm-none-eabi/bin/../lib/gcc/arm-none-eabi/15.2.1/thumb/v6-m/nofp\libgcc.a(eqsf2.o)
 .debug_frame   0x0000258c       0x28 C:/Program Files (x86)/Arm/GNU Toolchain mingw-w64-i686-arm-none-eabi/bin/../lib/gcc/arm-none-eabi/15.2.1/thumb/v6-m/nofp\libgcc.a(gesf2.o)
 .debug_frame   0x000025b4       0x28 C:/Program Files (x86)/Arm/GNU Toolchain mingw-w64-i686-arm-none-eabi/bin/../lib/gcc/arm-none-eabi/15.2.1/thumb/v6-m/nofp\libgcc.a(lesf2.o)
 .debug_frame   0x000025dc       0x38 C:/Program Files (x86)/Arm/GNU Toolchain mingw-w64-i686-arm-none-eabi/bin/../lib/gcc/arm-none-eabi/15.2.1/thumb/v6-m/nofp\libgcc.a(mulsf3.o)
 .debug_frame   0x00002614       0x34 C:/Program Files (x86)/Arm/GNU Toolchain mingw-w64-i686-arm-none-eabi/bin/../lib/gcc/arm-none-eabi/15.2.1/thumb/v6-m/nofp\libgcc.a(subsf3.o)
 .debug_frame   0x00002648       0x28 C:/Program Files (x86)/Arm/GNU Toolchain mingw-w64-i686-arm-none-eabi/bin/../lib/gcc/arm-none-eabi/15.2.1/thumb/v6-m/nofp\libgcc.a(floatunsisf.o)
 .debug_frame   0x00002670       0x2c C:/Program Files (x86)/Arm/GNU Toolchain mingw-w64-i686-arm-none-eabi/bin/../lib/gcc/arm-none-eabi/15.2.1/thumb/v6-m/nofp\libgcc.a(extendsfdf2.o)

.debug_line_str
                0x00000000      0x1bc
 .debug_line_str
                0x00000000      0x1bc C:/Program Files (x86)/Arm/GNU Toolchain mingw-w64-i686-arm-none-eabi/bin/../lib/gcc/arm-none-eabi/15.2.1/../../../../arm-none-eabi/lib/thumb/v6-m/nofp\libc_nano.a(libc_a-strlen.o)
                                 0xe7 (size before relaxing)
 .debug_line_str
                0x000001bc        0x0 C:/Program Files (x86)/Arm/GNU Toolchain mingw-w64-i686-arm-none-eabi/bin/../lib/gcc/arm-none-eabi/15.2.1/thumb/v6-m/nofp\libgcc.a(_thumb1_case_shi.o)
                                 0xc9 (size before relaxing)
 .debug_line_str
                0x000001bc        0x0 C:/Program Files (x86)/Arm/GNU Toolchain mingw-w64-i686-arm-none-eabi/bin/../lib/gcc/arm-none-eabi/15.2.1/thumb/v6-m/nofp\libgcc.a(_udivsi3.o)
                                 0xc9 (size before relaxing)
 .debug_line_str
                0x000001bc        0x0 C:/Program Files (x86)/Arm/GNU Toolchain mingw-w64-i686-arm-none-eabi/bin/../lib/gcc/arm-none-eabi/15.2.1/thumb/v6-m/nofp\libgcc.a(_dvmd_tls.o)
                                 0xc9 (size before relaxing)
 .debug_line_str
                0x000001bc        0x0 C:/Program Files (x86)/Arm/GNU Toolchain mingw-w64-i686-arm-none-eabi/bin/../lib/gcc/arm-none-eabi/15.2.1/thumb/v6-m/nofp\libgcc.a(_arm_cmpsf2.o)
                                 0xc9 (size before relaxing)
 .debug_line_str
                0x000001bc        0x0 C:/Program Files (x86)/Arm/GNU Toolchain mingw-w64-i686-arm-none-eabi/bin/../lib/gcc/arm-none-eabi/15.2.1/thumb/v6-m/nofp\libgcc.a(_aeabi_uldivmod.o)
                                 0xc9 (size before relaxing)
 .debug_line_str
                0x000001bc        0x0 C:/Program Files (x86)/Arm/GNU Toolchain mingw-w64-i686-arm-none-eabi/bin/../lib/gcc/arm-none-eabi/15.2.1/thumb/v6-m/nofp\libgcc.a(_clzsi2.o)
                                 0xc9 (size before relaxing)
 .debug_line_str
                0x000001bc        0x0 C:/Program Files (x86)/Arm/GNU Toolchain mingw-w64-i686-arm-none-eabi/bin/../lib/gcc/arm-none-eabi/15.2.1/thumb/v6-m/nofp\libgcc.a(_clzdi2.o)
                                 0xc9 (size before relaxing)

Cross Reference Table

Symbol                                            File
ADC1_COMP_IRQHandler                              build/startup_stm32l053xx.o
AHBPrescTable                                     build/system_stm32l0xx.o
                                                  build/stm32l0xx_hal_rcc.o
APBPrescTable                                     build/system_stm32l0xx.o
                                                  build/stm32l0xx_hal_rcc.o
DMA1_Channel1_IRQHandler                          build/startup_stm32l053xx.o
DMA1_Channel2_3_IRQHandler                        build/startup_stm32l053xx.o
DMA1_Channel4_5_6_7_IRQHandler                    build/startup_stm32l053xx.o
Default_Handler                                   build/startup_stm32l053xx.o
EXTI0_1_IRQHandler                                build/startup_stm32l053xx.o
EXTI2_3_IRQHandler                                build/startup_stm32l053xx.o
EXTI4_15_IRQHandler                               build/startup_stm32l053xx.o
Error_Handler                                     build/main.o
FLASH_IRQHandler                                  build/startup_stm32l053xx.o
FLASH_PageErase                                   build/stm32l0xx_hal_flash_ex.o
                                                  build/stm32l0xx_hal_flash.o
FLASH_WaitForLastOperation                        build/stm32l0xx_hal_flash.o
                                                  build/stm32l0xx_hal_flash_ex.o
HAL_DBGMCU_DBG_DisableLowPowerConfig              build/stm32l0xx_hal.o
HAL_DBGMCU_DBG_EnableLowPowerConfig               build/stm32l0xx_hal.o
HAL_DBGMCU_DisableDBGSleepMode                    build/stm32l0xx_hal.o
HAL_DBGMCU_DisableDBGStandbyMode                  build/stm32l0xx_hal.o
HAL_DBGMCU_DisableDBGStopMode                     build/stm32l0xx_hal.o
HAL_DBGMCU_EnableDBGSleepMode                     build/stm32l0xx_hal.o
HAL_DBGMCU_EnableDBGStandbyMode                   build/stm32l0xx_hal.o
HAL_DBGMCU_EnableDBGStopMode                      build/stm32l0xx_hal.o
HAL_DMA_Abort                                     build/stm32l0xx_hal_dma.o
                                                  build/stm32l0xx_hal_uart.o
HAL_DMA_Abort_IT                                  build/stm32l0xx_hal_dma.o
                                                  build/stm32l0xx_hal_uart.o
                                                  build/stm32l0xx_hal_i2c.o
HAL_DMA_DeInit                                    build/stm32l0xx_hal_dma.o
HAL_DMA_GetError                                  build/stm32l0xx_hal_dma.o
                                                  build/stm32l0xx_hal_uart.o
HAL_DMA_GetState                                  build/stm32l0xx_hal_dma.o
                                                  build/stm32l0xx_hal_i2c.o
HAL_DMA_IRQHandler                                build/stm32l0xx_hal_dma.o
HAL_DMA_Init                                      build/stm32l0xx_hal_dma.o
HAL_DMA_PollForTransfer                           build/stm32l0xx_hal_dma.o
HAL_DMA_RegisterCallback                          build/stm32l0xx_hal_dma.o
HAL_DMA_Start                                     build/stm32l0xx_hal_dma.o
HAL_DMA_Start_IT                                  build/stm32l0xx_hal_dma.o
                                                  build/stm32l0xx_hal_uart.o
                                                  build/stm32l0xx_hal_i2c.o
HAL_DMA_UnRegisterCallback                        build/stm32l0xx_hal_dma.o
HAL_DeInit                                        build/stm32l0xx_hal.o
HAL_Delay                                         build/stm32l0xx_hal.o
                                                  build/main.o
HAL_EXTI_ClearConfigLine                          build/stm32l0xx_hal_exti.o
HAL_EXTI_ClearPending                             build/stm32l0xx_hal_exti.o
HAL_EXTI_GenerateSWI                              build/stm32l0xx_hal_exti.o
HAL_EXTI_GetConfigLine                            build/stm32l0xx_hal_exti.o
HAL_EXTI_GetHandle                                build/stm32l0xx_hal_exti.o
HAL_EXTI_GetPending                               build/stm32l0xx_hal_exti.o
HAL_EXTI_IRQHandler                               build/stm32l0xx_hal_exti.o
HAL_EXTI_RegisterCallback                         build/stm32l0xx_hal_exti.o
HAL_EXTI_SetConfigLine                            build/stm32l0xx_hal_exti.o
HAL_FLASHEx_AdvOBGetConfig                        build/stm32l0xx_hal_flash_ex.o
HAL_FLASHEx_AdvOBProgram                          build/stm32l0xx_hal_flash_ex.o
HAL_FLASHEx_DATAEEPROM_DisableFixedTimeProgram    build/stm32l0xx_hal_flash_ex.o
HAL_FLASHEx_DATAEEPROM_EnableFixedTimeProgram     build/stm32l0xx_hal_flash_ex.o
HAL_FLASHEx_DATAEEPROM_Erase                      build/stm32l0xx_hal_flash_ex.o
HAL_FLASHEx_DATAEEPROM_Lock                       build/stm32l0xx_hal_flash_ex.o
HAL_FLASHEx_DATAEEPROM_Program                    build/stm32l0xx_hal_flash_ex.o
HAL_FLASHEx_DATAEEPROM_Unlock                     build/stm32l0xx_hal_flash_ex.o
HAL_FLASHEx_DisableRunPowerDown                   build/stm32l0xx_hal_flash_ramfunc.o
HAL_FLASHEx_EnableRunPowerDown                    build/stm32l0xx_hal_flash_ramfunc.o
HAL_FLASHEx_Erase                                 build/stm32l0xx_hal_flash_ex.o
HAL_FLASHEx_Erase_IT                              build/stm32l0xx_hal_flash_ex.o
HAL_FLASHEx_GetError                              build/stm32l0xx_hal_flash_ramfunc.o
HAL_FLASHEx_HalfPageProgram                       build/stm32l0xx_hal_flash_ramfunc.o
HAL_FLASHEx_OBGetConfig                           build/stm32l0xx_hal_flash_ex.o
HAL_FLASHEx_OBProgram                             build/stm32l0xx_hal_flash_ex.o
HAL_FLASHEx_OB_DeSelectPCROP                      build/stm32l0xx_hal_flash_ex.o
HAL_FLASHEx_OB_SelectPCROP                        build/stm32l0xx_hal_flash_ex.o
HAL_FLASH_EndOfOperationCallback                  build/stm32l0xx_hal_flash.o
HAL_FLASH_GetError                                build/stm32l0xx_hal_flash.o
HAL_FLASH_IRQHandler                              build/stm32l0xx_hal_flash.o
HAL_FLASH_Lock                                    build/stm32l0xx_hal_flash.o
HAL_FLASH_OB_Launch                               build/stm32l0xx_hal_flash.o
HAL_FLASH_OB_Lock                                 build/stm32l0xx_hal_flash.o
HAL_FLASH_OB_Unlock                               build/stm32l0xx_hal_flash.o
HAL_FLASH_OperationErrorCallback                  build/stm32l0xx_hal_flash.o
HAL_FLASH_Program                                 build/stm32l0xx_hal_flash.o
HAL_FLASH_Program_IT                              build/stm32l0xx_hal_flash.o
HAL_FLASH_Unlock                                  build/stm32l0xx_hal_flash.o
HAL_GPIO_DeInit                                   build/stm32l0xx_hal_gpio.o
                                                  build/stm32l0xx_hal_msp.o
HAL_GPIO_EXTI_Callback                            build/stm32l0xx_hal_gpio.o
HAL_GPIO_EXTI_IRQHandler                          build/stm32l0xx_hal_gpio.o
HAL_GPIO_Init                                     build/stm32l0xx_hal_gpio.o
                                                  build/stm32l0xx_hal_rcc.o
                                                  build/stm32l0xx_hal_msp.o
                                                  build/main.o
HAL_GPIO_LockPin                                  build/stm32l0xx_hal_gpio.o
HAL_GPIO_ReadPin                                  build/stm32l0xx_hal_gpio.o
HAL_GPIO_TogglePin                                build/stm32l0xx_hal_gpio.o
HAL_GPIO_WritePin                                 build/stm32l0xx_hal_gpio.o
                                                  build/main.o
HAL_GetDEVID                                      build/stm32l0xx_hal.o
HAL_GetHalVersion                                 build/stm32l0xx_hal.o
HAL_GetREVID                                      build/stm32l0xx_hal.o
HAL_GetTick                                       build/stm32l0xx_hal.o
                                                  build/stm32l0xx_hal_uart_ex.o
                                                  build/stm32l0xx_hal_uart.o
                                                  build/stm32l0xx_hal_rtc_ex.o
                                                  build/stm32l0xx_hal_rtc.o
                                                  build/stm32l0xx_hal_dma.o
                                                  build/stm32l0xx_hal_flash.o
                                                  build/stm32l0xx_hal_rcc_ex.o
                                                  build/stm32l0xx_hal_rcc.o
                                                  build/stm32l0xx_hal_i2c.o
                                                  build/stm32l0xx_hal_lcd.o
HAL_GetTickFreq                                   build/stm32l0xx_hal.o
HAL_GetTickPrio                                   build/stm32l0xx_hal.o
HAL_GetUIDw0                                      build/stm32l0xx_hal.o
HAL_GetUIDw1                                      build/stm32l0xx_hal.o
HAL_GetUIDw2                                      build/stm32l0xx_hal.o
HAL_HalfDuplex_EnableReceiver                     build/stm32l0xx_hal_uart.o
HAL_HalfDuplex_EnableTransmitter                  build/stm32l0xx_hal_uart.o
HAL_HalfDuplex_Init                               build/stm32l0xx_hal_uart.o
HAL_I2CEx_ConfigAnalogFilter                      build/stm32l0xx_hal_i2c_ex.o
                                                  build/main.o
HAL_I2CEx_ConfigDigitalFilter                     build/stm32l0xx_hal_i2c_ex.o
                                                  build/main.o
HAL_I2CEx_DisableFastModePlus                     build/stm32l0xx_hal_i2c_ex.o
HAL_I2CEx_DisableWakeUp                           build/stm32l0xx_hal_i2c_ex.o
HAL_I2CEx_EnableFastModePlus                      build/stm32l0xx_hal_i2c_ex.o
HAL_I2CEx_EnableWakeUp                            build/stm32l0xx_hal_i2c_ex.o
HAL_I2C_AbortCpltCallback                         build/stm32l0xx_hal_i2c.o
HAL_I2C_AddrCallback                              build/stm32l0xx_hal_i2c.o
HAL_I2C_DeInit                                    build/stm32l0xx_hal_i2c.o
HAL_I2C_DisableListen_IT                          build/stm32l0xx_hal_i2c.o
HAL_I2C_ER_IRQHandler                             build/stm32l0xx_hal_i2c.o
HAL_I2C_EV_IRQHandler                             build/stm32l0xx_hal_i2c.o
HAL_I2C_EnableListen_IT                           build/stm32l0xx_hal_i2c.o
HAL_I2C_ErrorCallback                             build/stm32l0xx_hal_i2c.o
HAL_I2C_GetError                                  build/stm32l0xx_hal_i2c.o
HAL_I2C_GetMode                                   build/stm32l0xx_hal_i2c.o
HAL_I2C_GetState                                  build/stm32l0xx_hal_i2c.o
HAL_I2C_Init                                      build/stm32l0xx_hal_i2c.o
                                                  build/main.o
HAL_I2C_IsDeviceReady                             build/stm32l0xx_hal_i2c.o
                                                  build/main.o
HAL_I2C_ListenCpltCallback                        build/stm32l0xx_hal_i2c.o
HAL_I2C_MasterRxCpltCallback                      build/stm32l0xx_hal_i2c.o
HAL_I2C_MasterTxCpltCallback                      build/stm32l0xx_hal_i2c.o
HAL_I2C_Master_Abort_IT                           build/stm32l0xx_hal_i2c.o
HAL_I2C_Master_Receive                            build/stm32l0xx_hal_i2c.o
                                                  build/main.o
HAL_I2C_Master_Receive_DMA                        build/stm32l0xx_hal_i2c.o
HAL_I2C_Master_Receive_IT                         build/stm32l0xx_hal_i2c.o
HAL_I2C_Master_Seq_Receive_DMA                    build/stm32l0xx_hal_i2c.o
HAL_I2C_Master_Seq_Receive_IT                     build/stm32l0xx_hal_i2c.o
HAL_I2C_Master_Seq_Transmit_DMA                   build/stm32l0xx_hal_i2c.o
HAL_I2C_Master_Seq_Transmit_IT                    build/stm32l0xx_hal_i2c.o
HAL_I2C_Master_Transmit                           build/stm32l0xx_hal_i2c.o
                                                  build/main.o
HAL_I2C_Master_Transmit_DMA                       build/stm32l0xx_hal_i2c.o
HAL_I2C_Master_Transmit_IT                        build/stm32l0xx_hal_i2c.o
HAL_I2C_MemRxCpltCallback                         build/stm32l0xx_hal_i2c.o
HAL_I2C_MemTxCpltCallback                         build/stm32l0xx_hal_i2c.o
HAL_I2C_Mem_Read                                  build/stm32l0xx_hal_i2c.o
HAL_I2C_Mem_Read_DMA                              build/stm32l0xx_hal_i2c.o
HAL_I2C_Mem_Read_IT                               build/stm32l0xx_hal_i2c.o
HAL_I2C_Mem_Write                                 build/stm32l0xx_hal_i2c.o
HAL_I2C_Mem_Write_DMA                             build/stm32l0xx_hal_i2c.o
HAL_I2C_Mem_Write_IT                              build/stm32l0xx_hal_i2c.o
HAL_I2C_MspDeInit                                 build/stm32l0xx_hal_msp.o
HAL_I2C_MspInit                                   build/stm32l0xx_hal_msp.o
HAL_I2C_SlaveRxCpltCallback                       build/stm32l0xx_hal_i2c.o
HAL_I2C_SlaveTxCpltCallback                       build/stm32l0xx_hal_i2c.o
HAL_I2C_Slave_Receive                             build/stm32l0xx_hal_i2c.o
HAL_I2C_Slave_Receive_DMA                         build/stm32l0xx_hal_i2c.o
HAL_I2C_Slave_Receive_IT                          build/stm32l0xx_hal_i2c.o
HAL_I2C_Slave_Seq_Receive_DMA                     build/stm32l0xx_hal_i2c.o
HAL_I2C_Slave_Seq_Receive_IT                      build/stm32l0xx_hal_i2c.o
HAL_I2C_Slave_Seq_Transmit_DMA                    build/stm32l0xx_hal_i2c.o
HAL_I2C_Slave_Seq_Transmit_IT                     build/stm32l0xx_hal_i2c.o
HAL_I2C_Slave_Transmit                            build/stm32l0xx_hal_i2c.o
HAL_I2C_Slave_Transmit_DMA                        build/stm32l0xx_hal_i2c.o
HAL_I2C_Slave_Transmit_IT                         build/stm32l0xx_hal_i2c.o
HAL_IncTick                                       build/stm32l0xx_hal.o
                                                  build/stm32l0xx_it.o
HAL_Init                                          build/stm32l0xx_hal.o
                                                  build/main.o
HAL_InitTick                                      build/stm32l0xx_hal.o
                                                  build/stm32l0xx_hal_rcc.o
HAL_LCD_Clear                                     build/stm32l0xx_hal_lcd.o
HAL_LCD_DeInit                                    build/stm32l0xx_hal_lcd.o
HAL_LCD_GetError                                  build/stm32l0xx_hal_lcd.o
HAL_LCD_GetState                                  build/stm32l0xx_hal_lcd.o
HAL_LCD_Init                                      build/stm32l0xx_hal_lcd.o
HAL_LCD_MspDeInit                                 build/stm32l0xx_hal_msp.o
HAL_LCD_MspInit                                   build/stm32l0xx_hal_msp.o
HAL_LCD_UpdateDisplayRequest                      build/stm32l0xx_hal_lcd.o
HAL_LCD_Write                                     build/stm32l0xx_hal_lcd.o
HAL_LIN_Init                                      build/stm32l0xx_hal_uart.o
HAL_LIN_SendBreak                                 build/stm32l0xx_hal_uart.o
HAL_MPU_ConfigRegion                              build/stm32l0xx_hal_cortex.o
HAL_MPU_Disable                                   build/stm32l0xx_hal_cortex.o
HAL_MPU_DisableRegion                             build/stm32l0xx_hal_cortex.o
HAL_MPU_Enable                                    build/stm32l0xx_hal_cortex.o
HAL_MPU_EnableRegion                              build/stm32l0xx_hal_cortex.o
HAL_MspDeInit                                     build/stm32l0xx_hal.o
HAL_MspInit                                       build/stm32l0xx_hal_msp.o
HAL_MultiProcessorEx_AddressLength_Set            build/stm32l0xx_hal_uart_ex.o
HAL_MultiProcessor_DisableMuteMode                build/stm32l0xx_hal_uart.o
HAL_MultiProcessor_EnableMuteMode                 build/stm32l0xx_hal_uart.o
HAL_MultiProcessor_EnterMuteMode                  build/stm32l0xx_hal_uart.o
HAL_MultiProcessor_Init                           build/stm32l0xx_hal_uart.o
HAL_NVIC_ClearPendingIRQ                          build/stm32l0xx_hal_cortex.o
HAL_NVIC_DisableIRQ                               build/stm32l0xx_hal_cortex.o
                                                  build/stm32l0xx_hal_msp.o
HAL_NVIC_EnableIRQ                                build/stm32l0xx_hal_cortex.o
                                                  build/stm32l0xx_hal_msp.o
HAL_NVIC_GetPendingIRQ                            build/stm32l0xx_hal_cortex.o
HAL_NVIC_GetPriority                              build/stm32l0xx_hal_cortex.o
HAL_NVIC_SetPendingIRQ                            build/stm32l0xx_hal_cortex.o
HAL_NVIC_SetPriority                              build/stm32l0xx_hal_cortex.o
                                                  build/stm32l0xx_hal.o
                                                  build/stm32l0xx_hal_msp.o
HAL_NVIC_SystemReset                              build/stm32l0xx_hal_cortex.o
HAL_PWREx_DisableFastWakeUp                       build/stm32l0xx_hal_pwr_ex.o
HAL_PWREx_DisableLowPowerRunMode                  build/stm32l0xx_hal_pwr_ex.o
HAL_PWREx_DisableUltraLowPower                    build/stm32l0xx_hal_pwr_ex.o
HAL_PWREx_EnableFastWakeUp                        build/stm32l0xx_hal_pwr_ex.o
HAL_PWREx_EnableLowPowerRunMode                   build/stm32l0xx_hal_pwr_ex.o
HAL_PWREx_EnableUltraLowPower                     build/stm32l0xx_hal_pwr_ex.o
HAL_PWREx_GetVoltageRange                         build/stm32l0xx_hal_pwr_ex.o
HAL_PWR_ConfigPVD                                 build/stm32l0xx_hal_pwr.o
HAL_PWR_DeInit                                    build/stm32l0xx_hal_pwr.o
HAL_PWR_DisableBkUpAccess                         build/stm32l0xx_hal_pwr.o
HAL_PWR_DisablePVD                                build/stm32l0xx_hal_pwr.o
HAL_PWR_DisableSEVOnPend                          build/stm32l0xx_hal_pwr.o
HAL_PWR_DisableSleepOnExit                        build/stm32l0xx_hal_pwr.o
HAL_PWR_DisableWakeUpPin                          build/stm32l0xx_hal_pwr.o
HAL_PWR_EnableBkUpAccess                          build/stm32l0xx_hal_pwr.o
HAL_PWR_EnablePVD                                 build/stm32l0xx_hal_pwr.o
HAL_PWR_EnableSEVOnPend                           build/stm32l0xx_hal_pwr.o
HAL_PWR_EnableSleepOnExit                         build/stm32l0xx_hal_pwr.o
HAL_PWR_EnableWakeUpPin                           build/stm32l0xx_hal_pwr.o
HAL_PWR_EnterSLEEPMode                            build/stm32l0xx_hal_pwr.o
HAL_PWR_EnterSTANDBYMode                          build/stm32l0xx_hal_pwr.o
HAL_PWR_EnterSTOPMode                             build/stm32l0xx_hal_pwr.o
HAL_PWR_PVDCallback                               build/stm32l0xx_hal_pwr.o
HAL_PWR_PVD_IRQHandler                            build/stm32l0xx_hal_pwr.o
HAL_RCCEx_CRSConfig                               build/stm32l0xx_hal_rcc_ex.o
HAL_RCCEx_CRSGetSynchronizationInfo               build/stm32l0xx_hal_rcc_ex.o
HAL_RCCEx_CRSSoftwareSynchronizationGenerate      build/stm32l0xx_hal_rcc_ex.o
HAL_RCCEx_CRSWaitSynchronization                  build/stm32l0xx_hal_rcc_ex.o
HAL_RCCEx_CRS_ErrorCallback                       build/stm32l0xx_hal_rcc_ex.o
HAL_RCCEx_CRS_ExpectedSyncCallback                build/stm32l0xx_hal_rcc_ex.o
HAL_RCCEx_CRS_IRQHandler                          build/stm32l0xx_hal_rcc_ex.o
HAL_RCCEx_CRS_SyncOkCallback                      build/stm32l0xx_hal_rcc_ex.o
HAL_RCCEx_CRS_SyncWarnCallback                    build/stm32l0xx_hal_rcc_ex.o
HAL_RCCEx_DisableHSI48_VREFINT                    build/stm32l0xx_hal_rcc_ex.o
HAL_RCCEx_DisableLSECSS                           build/stm32l0xx_hal_rcc_ex.o
HAL_RCCEx_EnableHSI48_VREFINT                     build/stm32l0xx_hal_rcc_ex.o
HAL_RCCEx_EnableLSECSS                            build/stm32l0xx_hal_rcc_ex.o
HAL_RCCEx_EnableLSECSS_IT                         build/stm32l0xx_hal_rcc_ex.o
HAL_RCCEx_GetPeriphCLKConfig                      build/stm32l0xx_hal_rcc_ex.o
HAL_RCCEx_GetPeriphCLKFreq                        build/stm32l0xx_hal_rcc_ex.o
HAL_RCCEx_LSECSS_Callback                         build/stm32l0xx_hal_rcc_ex.o
HAL_RCCEx_LSECSS_IRQHandler                       build/stm32l0xx_hal_rcc_ex.o
HAL_RCCEx_PeriphCLKConfig                         build/stm32l0xx_hal_rcc_ex.o
                                                  build/main.o
HAL_RCC_CSSCallback                               build/stm32l0xx_hal_rcc.o
HAL_RCC_ClockConfig                               build/stm32l0xx_hal_rcc.o
                                                  build/main.o
HAL_RCC_DeInit                                    build/stm32l0xx_hal_rcc.o
HAL_RCC_EnableCSS                                 build/stm32l0xx_hal_rcc.o
HAL_RCC_GetClockConfig                            build/stm32l0xx_hal_rcc.o
HAL_RCC_GetHCLKFreq                               build/stm32l0xx_hal_rcc.o
HAL_RCC_GetOscConfig                              build/stm32l0xx_hal_rcc.o
HAL_RCC_GetPCLK1Freq                              build/stm32l0xx_hal_rcc.o
                                                  build/stm32l0xx_hal_uart.o
                                                  build/stm32l0xx_hal_rcc_ex.o
HAL_RCC_GetPCLK2Freq                              build/stm32l0xx_hal_rcc.o
                                                  build/stm32l0xx_hal_uart.o
                                                  build/stm32l0xx_hal_rcc_ex.o
HAL_RCC_GetSysClockFreq                           build/stm32l0xx_hal_rcc.o
                                                  build/stm32l0xx_hal_uart.o
                                                  build/stm32l0xx_hal_rcc_ex.o
HAL_RCC_MCOConfig                                 build/stm32l0xx_hal_rcc.o
HAL_RCC_NMI_IRQHandler                            build/stm32l0xx_hal_rcc.o
HAL_RCC_OscConfig                                 build/stm32l0xx_hal_rcc.o
                                                  build/main.o
HAL_RS485Ex_Init                                  build/stm32l0xx_hal_uart_ex.o
HAL_RTCEx_AlarmBEventCallback                     build/stm32l0xx_hal_rtc_ex.o
                                                  build/stm32l0xx_hal_rtc.o
HAL_RTCEx_BKUPRead                                build/stm32l0xx_hal_rtc_ex.o
HAL_RTCEx_BKUPWrite                               build/stm32l0xx_hal_rtc_ex.o
HAL_RTCEx_DeactivateCalibrationOutPut             build/stm32l0xx_hal_rtc_ex.o
HAL_RTCEx_DeactivateRefClock                      build/stm32l0xx_hal_rtc_ex.o
HAL_RTCEx_DeactivateTamper                        build/stm32l0xx_hal_rtc_ex.o
HAL_RTCEx_DeactivateTimeStamp                     build/stm32l0xx_hal_rtc_ex.o
HAL_RTCEx_DeactivateWakeUpTimer                   build/stm32l0xx_hal_rtc_ex.o
HAL_RTCEx_DisableBypassShadow                     build/stm32l0xx_hal_rtc_ex.o
HAL_RTCEx_EnableBypassShadow                      build/stm32l0xx_hal_rtc_ex.o
HAL_RTCEx_GetTimeStamp                            build/stm32l0xx_hal_rtc_ex.o
HAL_RTCEx_GetWakeUpTimer                          build/stm32l0xx_hal_rtc_ex.o
HAL_RTCEx_PollForAlarmBEvent                      build/stm32l0xx_hal_rtc_ex.o
HAL_RTCEx_PollForTamper1Event                     build/stm32l0xx_hal_rtc_ex.o
HAL_RTCEx_PollForTamper2Event                     build/stm32l0xx_hal_rtc_ex.o
HAL_RTCEx_PollForTimeStampEvent                   build/stm32l0xx_hal_rtc_ex.o
HAL_RTCEx_PollForWakeUpTimerEvent                 build/stm32l0xx_hal_rtc_ex.o
HAL_RTCEx_SetCalibrationOutPut                    build/stm32l0xx_hal_rtc_ex.o
HAL_RTCEx_SetRefClock                             build/stm32l0xx_hal_rtc_ex.o
HAL_RTCEx_SetSmoothCalib                          build/stm32l0xx_hal_rtc_ex.o
HAL_RTCEx_SetSynchroShift                         build/stm32l0xx_hal_rtc_ex.o
HAL_RTCEx_SetTamper                               build/stm32l0xx_hal_rtc_ex.o
HAL_RTCEx_SetTamper_IT                            build/stm32l0xx_hal_rtc_ex.o
HAL_RTCEx_SetTimeStamp                            build/stm32l0xx_hal_rtc_ex.o
HAL_RTCEx_SetTimeStamp_IT                         build/stm32l0xx_hal_rtc_ex.o
HAL_RTCEx_SetWakeUpTimer                          build/stm32l0xx_hal_rtc_ex.o
HAL_RTCEx_SetWakeUpTimer_IT                       build/stm32l0xx_hal_rtc_ex.o
                                                  build/main.o
HAL_RTCEx_Tamper1EventCallback                    build/stm32l0xx_hal_rtc_ex.o
HAL_RTCEx_Tamper2EventCallback                    build/stm32l0xx_hal_rtc_ex.o
HAL_RTCEx_TamperTimeStampIRQHandler               build/stm32l0xx_hal_rtc_ex.o
HAL_RTCEx_TimeStampEventCallback                  build/stm32l0xx_hal_rtc_ex.o
HAL_RTCEx_WakeUpTimerEventCallback                build/main.o
HAL_RTCEx_WakeUpTimerIRQHandler                   build/stm32l0xx_hal_rtc_ex.o
                                                  build/stm32l0xx_it.o
HAL_RTC_AlarmAEventCallback                       build/stm32l0xx_hal_rtc.o
HAL_RTC_AlarmIRQHandler                           build/stm32l0xx_hal_rtc.o
HAL_RTC_DST_Add1Hour                              build/stm32l0xx_hal_rtc.o
HAL_RTC_DST_ClearStoreOperation                   build/stm32l0xx_hal_rtc.o
HAL_RTC_DST_ReadStoreOperation                    build/stm32l0xx_hal_rtc.o
HAL_RTC_DST_SetStoreOperation                     build/stm32l0xx_hal_rtc.o
HAL_RTC_DST_Sub1Hour                              build/stm32l0xx_hal_rtc.o
HAL_RTC_DeInit                                    build/stm32l0xx_hal_rtc.o
HAL_RTC_DeactivateAlarm                           build/stm32l0xx_hal_rtc.o
HAL_RTC_GetAlarm                                  build/stm32l0xx_hal_rtc.o
HAL_RTC_GetDate                                   build/stm32l0xx_hal_rtc.o
HAL_RTC_GetState                                  build/stm32l0xx_hal_rtc.o
HAL_RTC_GetTime                                   build/stm32l0xx_hal_rtc.o